ERROR: errors_unreachable/policy.yaml:38:9: Condition is always false
 |       - condition: "false"
 | ........^
ERROR: errors_unreachable/policy.yaml:36:9: Match creates unreachable outputs
 |       - output: |
 | ........^
ERROR: errors_unreachable/policy.yaml:28:7: Rule creates unreachable outputs
 |       match:
 | ......^