Source: type(make_abs()) == abs && make_abs().as_bool()
declare abs {
  value type(abs)
}
declare make_abs {
  function make_abs () -> abs
}
declare as_bool {
  function as_bool abs.() -> bool
}
=====>
_&&_(
  _==_(
    type(
      make_abs()~abs^make_abs
    )~type(dyn)^type,
    abs~type(abs)^abs
  )~bool^equals,
  make_abs()~abs^make_abs.as_bool()~bool^as_bool
)~bool^logical_and

