Source: x.single_value + 1 / x.single_struct.y == 23
declare x {
  value cel.expr.conformance.proto3.TestAllTypes
}
=====>
_==_(
  _+_(
    x~cel.expr.conformance.proto3.TestAllTypes^x.single_value~dyn,
    _/_(
      1~int,
      x~cel.expr.conformance.proto3.TestAllTypes^x.single_struct~map(string, dyn).y~dyn
    )~int^divide_int64
  )~int^add_int64,
  23~int
)~bool^equals

