Source: x.single_nested_message != null
declare x {
  value cel.expr.conformance.proto3.TestAllTypes
}
=====>
_!=_(
  x~cel.expr.conformance.proto3.TestAllTypes^x.single_nested_message~cel.expr.conformance.proto3.TestAllTypes.NestedMessage,
  null~null
)~bool^not_equals

Source: null == TestAllTypes{} || TestAllTypes{} == null
declare x {
  value cel.expr.conformance.proto3.TestAllTypes
}
=====>
_||_(
  _==_(
    null~null,
    TestAllTypes{}~cel.expr.conformance.proto3.TestAllTypes^cel.expr.conformance.proto3.TestAllTypes
  )~bool^equals,
  _==_(
    TestAllTypes{}~cel.expr.conformance.proto3.TestAllTypes^cel.expr.conformance.proto3.TestAllTypes,
    null~null
  )~bool^equals
)~bool^logical_or
