Test case: SIZE_1
Source: size([1,2]) + size([1,2]) + 1 == 5
=====>
CALL [1] {
  function: cel.@block
  args: {
    LIST [2] {
      elements: {
        CALL [3] {
          function: size
          args: {
            LIST [4] {
              elements: {
                CONSTANT [5] { value: 1 }
                CONSTANT [6] { value: 2 }
              }
            }
          }
        }
        CALL [7] {
          function: _+_
          args: {
            CALL [8] {
              function: _+_
              args: {
                IDENT [9] {
                  name: @index0
                }
                IDENT [10] {
                  name: @index0
                }
              }
            }
            CONSTANT [11] { value: 1 }
          }
        }
      }
    }
    CALL [12] {
      function: _==_
      args: {
        IDENT [13] {
          name: @index1
        }
        CONSTANT [14] { value: 5 }
      }
    }
  }
}
Test case: SIZE_2
Source: 2 + size([1,2]) + size([1,2]) + 1 == 7
=====>
CALL [1] {
  function: cel.@block
  args: {
    LIST [2] {
      elements: {
        CALL [3] {
          function: size
          args: {
            LIST [4] {
              elements: {
                CONSTANT [5] { value: 1 }
                CONSTANT [6] { value: 2 }
              }
            }
          }
        }
        CALL [7] {
          function: _+_
          args: {
            CALL [8] {
              function: _+_
              args: {
                CONSTANT [9] { value: 2 }
                IDENT [10] {
                  name: @index0
                }
              }
            }
            IDENT [11] {
              name: @index0
            }
          }
        }
      }
    }
    CALL [12] {
      function: _==_
      args: {
        CALL [13] {
          function: _+_
          args: {
            IDENT [14] {
              name: @index1
            }
            CONSTANT [15] { value: 1 }
          }
        }
        CONSTANT [16] { value: 7 }
      }
    }
  }
}
Test case: SIZE_3
Source: size([0]) + size([0]) + size([1,2]) + size([1,2]) == 6
=====>
CALL [1] {
  function: cel.@block
  args: {
    LIST [2] {
      elements: {
        CALL [3] {
          function: size
          args: {
            LIST [4] {
              elements: {
                CONSTANT [5] { value: 0 }
              }
            }
          }
        }
        CALL [6] {
          function: size
          args: {
            LIST [7] {
              elements: {
                CONSTANT [8] { value: 1 }
                CONSTANT [9] { value: 2 }
              }
            }
          }
        }
        CALL [10] {
          function: _+_
          args: {
            CALL [11] {
              function: _+_
              args: {
                IDENT [12] {
                  name: @index0
                }
                IDENT [13] {
                  name: @index0
                }
              }
            }
            IDENT [14] {
              name: @index1
            }
          }
        }
      }
    }
    CALL [15] {
      function: _==_
      args: {
        CALL [16] {
          function: _+_
          args: {
            IDENT [17] {
              name: @index2
            }
            IDENT [18] {
              name: @index1
            }
          }
        }
        CONSTANT [19] { value: 6 }
      }
    }
  }
}
Test case: SIZE_4
Source: 5 + size([0]) + size([0]) + size([1,2]) + size([1,2]) + size([1,2,3]) + size([1,2,3]) == 17
=====>
CALL [1] {
  function: cel.@block
  args: {
    LIST [2] {
      elements: {
        CALL [3] {
          function: size
          args: {
            LIST [4] {
              elements: {
                CONSTANT [5] { value: 0 }
              }
            }
          }
        }
        CALL [6] {
          function: size
          args: {
            LIST [7] {
              elements: {
                CONSTANT [8] { value: 1 }
                CONSTANT [9] { value: 2 }
              }
            }
          }
        }
        CALL [10] {
          function: size
          args: {
            LIST [11] {
              elements: {
                CONSTANT [12] { value: 1 }
                CONSTANT [13] { value: 2 }
                CONSTANT [14] { value: 3 }
              }
            }
          }
        }
        CALL [15] {
          function: _+_
          args: {
            CALL [16] {
              function: _+_
              args: {
                CONSTANT [17] { value: 5 }
                IDENT [18] {
                  name: @index0
                }
              }
            }
            IDENT [19] {
              name: @index0
            }
          }
        }
        CALL [20] {
          function: _+_
          args: {
            CALL [21] {
              function: _+_
              args: {
                IDENT [22] {
                  name: @index3
                }
                IDENT [23] {
                  name: @index1
                }
              }
            }
            IDENT [24] {
              name: @index1
            }
          }
        }
        CALL [25] {
          function: _+_
          args: {
            CALL [26] {
              function: _+_
              args: {
                IDENT [27] {
                  name: @index4
                }
                IDENT [28] {
                  name: @index2
                }
              }
            }
            IDENT [29] {
              name: @index2
            }
          }
        }
      }
    }
    CALL [30] {
      function: _==_
      args: {
        IDENT [31] {
          name: @index5
        }
        CONSTANT [32] { value: 17 }
      }
    }
  }
}
Test case: TIMESTAMP
Source: timestamp(int(timestamp(1000000000))).getFullYear() + timestamp(int(timestamp(75))).getFullYear() +  timestamp(int(timestamp(50))).getFullYear() +  timestamp(int(timestamp(1000000000))).getFullYear() +  timestamp(int(timestamp(50))).getSeconds() +  timestamp(int(timestamp(200))).getFullYear() +  timestamp(int(timestamp(200))).getFullYear() +  timestamp(int(timestamp(75))).getMinutes() +  timestamp(int(timestamp(1000000000))).getFullYear() == 13934
=====>
CALL [1] {
  function: cel.@block
  args: {
    LIST [2] {
      elements: {
        CALL [3] {
          function: int
          args: {
            CALL [4] {
              function: timestamp
              args: {
                CONSTANT [5] { value: 1000000000 }
              }
            }
          }
        }
        CALL [6] {
          function: getFullYear
          target: {
            CALL [7] {
              function: timestamp
              args: {
                IDENT [8] {
                  name: @index0
                }
              }
            }
          }
          args: {
          }
        }
        CALL [9] {
          function: int
          args: {
            CALL [10] {
              function: timestamp
              args: {
                CONSTANT [11] { value: 50 }
              }
            }
          }
        }
        CALL [12] {
          function: int
          args: {
            CALL [13] {
              function: timestamp
              args: {
                CONSTANT [14] { value: 200 }
              }
            }
          }
        }
        CALL [15] {
          function: getFullYear
          target: {
            CALL [16] {
              function: timestamp
              args: {
                IDENT [17] {
                  name: @index3
                }
              }
            }
          }
          args: {
          }
        }
        CALL [18] {
          function: int
          args: {
            CALL [19] {
              function: timestamp
              args: {
                CONSTANT [20] { value: 75 }
              }
            }
          }
        }
        CALL [21] {
          function: timestamp
          args: {
            IDENT [22] {
              name: @index2
            }
          }
        }
        CALL [23] {
          function: timestamp
          args: {
            IDENT [24] {
              name: @index5
            }
          }
        }
        CALL [25] {
          function: _+_
          args: {
            IDENT [26] {
              name: @index1
            }
            CALL [27] {
              function: getFullYear
              target: {
                IDENT [28] {
                  name: @index7
                }
              }
              args: {
              }
            }
          }
        }
        CALL [29] {
          function: _+_
          args: {
            IDENT [30] {
              name: @index8
            }
            CALL [31] {
              function: getFullYear
              target: {
                IDENT [32] {
                  name: @index6
                }
              }
              args: {
              }
            }
          }
        }
        CALL [33] {
          function: _+_
          args: {
            CALL [34] {
              function: _+_
              args: {
                IDENT [35] {
                  name: @index9
                }
                IDENT [36] {
                  name: @index1
                }
              }
            }
            CALL [37] {
              function: getSeconds
              target: {
                IDENT [38] {
                  name: @index6
                }
              }
              args: {
              }
            }
          }
        }
        CALL [39] {
          function: _+_
          args: {
            CALL [40] {
              function: _+_
              args: {
                IDENT [41] {
                  name: @index10
                }
                IDENT [42] {
                  name: @index4
                }
              }
            }
            IDENT [43] {
              name: @index4
            }
          }
        }
        CALL [44] {
          function: _+_
          args: {
            IDENT [45] {
              name: @index11
            }
            CALL [46] {
              function: getMinutes
              target: {
                IDENT [47] {
                  name: @index7
                }
              }
              args: {
              }
            }
          }
        }
      }
    }
    CALL [48] {
      function: _==_
      args: {
        CALL [49] {
          function: _+_
          args: {
            IDENT [50] {
              name: @index12
            }
            IDENT [51] {
              name: @index1
            }
          }
        }
        CONSTANT [52] { value: 13934 }
      }
    }
  }
}
Test case: MAP_INDEX
Source: {"a": 2}["a"] + {"a": 2}["a"] * {"a": 2}["a"] == 6
=====>
CALL [1] {
  function: cel.@block
  args: {
    LIST [2] {
      elements: {
        CALL [3] {
          function: _[_]
          args: {
            MAP [4] {
              MAP_ENTRY [5] {
                key: {
                  CONSTANT [6] { value: "a" }
                }
                value: {
                  CONSTANT [7] { value: 2 }
                }
              }
            }
            CONSTANT [8] { value: "a" }
          }
        }
        CALL [9] {
          function: _+_
          args: {
            IDENT [10] {
              name: @index0
            }
            CALL [11] {
              function: _*_
              args: {
                IDENT [12] {
                  name: @index0
                }
                IDENT [13] {
                  name: @index0
                }
              }
            }
          }
        }
      }
    }
    CALL [14] {
      function: _==_
      args: {
        IDENT [15] {
          name: @index1
        }
        CONSTANT [16] { value: 6 }
      }
    }
  }
}
Test case: NESTED_MAP_CONSTRUCTION
Source: {'a': {'b': 1}, 'c': {'b': 1}, 'd': {'e': {'b': 1}}, 'e': {'e': {'b': 1}}}
=====>
CALL [1] {
  function: cel.@block
  args: {
    LIST [2] {
      elements: {
        MAP [3] {
          MAP_ENTRY [4] {
            key: {
              CONSTANT [5] { value: "e" }
            }
            value: {
              MAP [6] {
                MAP_ENTRY [7] {
                  key: {
                    CONSTANT [8] { value: "b" }
                  }
                  value: {
                    CONSTANT [9] { value: 1 }
                  }
                }
              }
            }
          }
        }
        MAP [10] {
          MAP_ENTRY [11] {
            key: {
              CONSTANT [12] { value: "b" }
            }
            value: {
              CONSTANT [13] { value: 1 }
            }
          }
        }
      }
    }
    MAP [14] {
      MAP_ENTRY [15] {
        key: {
          CONSTANT [16] { value: "a" }
        }
        value: {
          IDENT [17] {
            name: @index1
          }
        }
      }
      MAP_ENTRY [18] {
        key: {
          CONSTANT [19] { value: "c" }
        }
        value: {
          IDENT [20] {
            name: @index1
          }
        }
      }
      MAP_ENTRY [21] {
        key: {
          CONSTANT [22] { value: "d" }
        }
        value: {
          IDENT [23] {
            name: @index0
          }
        }
      }
      MAP_ENTRY [24] {
        key: {
          CONSTANT [25] { value: "e" }
        }
        value: {
          IDENT [26] {
            name: @index0
          }
        }
      }
    }
  }
}
Test case: NESTED_LIST_CONSTRUCTION
Source: [1, [1,2,3,4], 2, [1,2,3,4], 5, [1,2,3,4], 7, [[1,2], [1,2,3,4]], [1,2]]
=====>
CALL [1] {
  function: cel.@block
  args: {
    LIST [2] {
      elements: {
        LIST [3] {
          elements: {
            CONSTANT [4] { value: 1 }
            CONSTANT [5] { value: 2 }
            CONSTANT [6] { value: 3 }
            CONSTANT [7] { value: 4 }
          }
        }
        LIST [8] {
          elements: {
            CONSTANT [9] { value: 1 }
            CONSTANT [10] { value: 2 }
          }
        }
      }
    }
    LIST [11] {
      elements: {
        CONSTANT [12] { value: 1 }
        IDENT [13] {
          name: @index0
        }
        CONSTANT [14] { value: 2 }
        IDENT [15] {
          name: @index0
        }
        CONSTANT [16] { value: 5 }
        IDENT [17] {
          name: @index0
        }
        CONSTANT [18] { value: 7 }
        LIST [19] {
          elements: {
            IDENT [20] {
              name: @index1
            }
            IDENT [21] {
              name: @index0
            }
          }
        }
        IDENT [22] {
          name: @index1
        }
      }
    }
  }
}
Test case: SELECT
Source: msg.single_int64 + msg.single_int64 == 6
=====>
CALL [1] {
  function: cel.@block
  args: {
    LIST [2] {
      elements: {
        SELECT [3] {
          IDENT [4] {
            name: msg
          }.single_int64
        }
      }
    }
    CALL [5] {
      function: _==_
      args: {
        CALL [6] {
          function: _+_
          args: {
            IDENT [7] {
              name: @index0
            }
            IDENT [8] {
              name: @index0
            }
          }
        }
        CONSTANT [9] { value: 6 }
      }
    }
  }
}
Test case: SELECT_NESTED_1
Source: msg.oneof_type.payload.single_int64 + msg.oneof_type.payload.single_int32 + msg.oneof_type.payload.single_int64 + msg.single_int64 + msg.oneof_type.payload.oneof_type.payload.single_int64 == 31
=====>
CALL [1] {
  function: cel.@block
  args: {
    LIST [2] {
      elements: {
        SELECT [3] {
          SELECT [4] {
            IDENT [5] {
              name: msg
            }.oneof_type
          }.payload
        }
        SELECT [6] {
          IDENT [7] {
            name: @index0
          }.single_int64
        }
        CALL [8] {
          function: _+_
          args: {
            IDENT [9] {
              name: @index1
            }
            SELECT [10] {
              IDENT [11] {
                name: @index0
              }.single_int32
            }
          }
        }
        CALL [12] {
          function: _+_
          args: {
            CALL [13] {
              function: _+_
              args: {
                IDENT [14] {
                  name: @index2
                }
                IDENT [15] {
                  name: @index1
                }
              }
            }
            SELECT [16] {
              IDENT [17] {
                name: msg
              }.single_int64
            }
          }
        }
        SELECT [18] {
          SELECT [19] {
            IDENT [20] {
              name: @index0
            }.oneof_type
          }.payload
        }
        CALL [21] {
          function: _+_
          args: {
            IDENT [22] {
              name: @index3
            }
            SELECT [23] {
              IDENT [24] {
                name: @index4
              }.single_int64
            }
          }
        }
      }
    }
    CALL [25] {
      function: _==_
      args: {
        IDENT [26] {
          name: @index5
        }
        CONSTANT [27] { value: 31 }
      }
    }
  }
}
Test case: SELECT_NESTED_2
Source: true || msg.oneof_type.payload.oneof_type.payload.oneof_type.payload.oneof_type.payload.single_bool || msg.oneof_type.payload.oneof_type.payload.oneof_type.child.child.payload.single_bool
=====>
CALL [1] {
  function: cel.@block
  args: {
    LIST [2] {
      elements: {
        SELECT [3] {
          SELECT [4] {
            IDENT [5] {
              name: msg
            }.oneof_type
          }.payload
        }
        SELECT [6] {
          SELECT [7] {
            IDENT [8] {
              name: @index0
            }.oneof_type
          }.payload
        }
        SELECT [9] {
          IDENT [10] {
            name: @index1
          }.oneof_type
        }
        SELECT [11] {
          SELECT [12] {
            IDENT [13] {
              name: @index2
            }.payload
          }.oneof_type
        }
        SELECT [14] {
          SELECT [15] {
            IDENT [16] {
              name: @index3
            }.payload
          }.single_bool
        }
        SELECT [17] {
          SELECT [18] {
            IDENT [19] {
              name: @index2
            }.child
          }.child
        }
        SELECT [20] {
          SELECT [21] {
            IDENT [22] {
              name: @index5
            }.payload
          }.single_bool
        }
      }
    }
    CALL [23] {
      function: _||_
      args: {
        CALL [24] {
          function: _||_
          args: {
            CONSTANT [25] { value: true }
            IDENT [26] {
              name: @index4
            }
          }
        }
        IDENT [27] {
          name: @index6
        }
      }
    }
  }
}
Test case: SELECT_NESTED_MESSAGE_MAP_INDEX_1
Source: msg.oneof_type.payload.map_int32_int64[1] + msg.oneof_type.payload.map_int32_int64[1] + msg.oneof_type.payload.map_int32_int64[1] == 15
=====>
CALL [1] {
  function: cel.@block
  args: {
    LIST [2] {
      elements: {
        SELECT [3] {
          SELECT [4] {
            IDENT [5] {
              name: msg
            }.oneof_type
          }.payload
        }
        CALL [6] {
          function: _[_]
          args: {
            SELECT [7] {
              IDENT [8] {
                name: @index0
              }.map_int32_int64
            }
            CONSTANT [9] { value: 1 }
          }
        }
        CALL [10] {
          function: _+_
          args: {
            CALL [11] {
              function: _+_
              args: {
                IDENT [12] {
                  name: @index1
                }
                IDENT [13] {
                  name: @index1
                }
              }
            }
            IDENT [14] {
              name: @index1
            }
          }
        }
      }
    }
    CALL [15] {
      function: _==_
      args: {
        IDENT [16] {
          name: @index2
        }
        CONSTANT [17] { value: 15 }
      }
    }
  }
}
Test case: SELECT_NESTED_MESSAGE_MAP_INDEX_2
Source: msg.oneof_type.payload.map_int32_int64[0] + msg.oneof_type.payload.map_int32_int64[1] + msg.oneof_type.payload.map_int32_int64[2] == 8
=====>
CALL [1] {
  function: cel.@block
  args: {
    LIST [2] {
      elements: {
        SELECT [3] {
          SELECT [4] {
            IDENT [5] {
              name: msg
            }.oneof_type
          }.payload
        }
        SELECT [6] {
          IDENT [7] {
            name: @index0
          }.map_int32_int64
        }
        CALL [8] {
          function: _+_
          args: {
            CALL [9] {
              function: _[_]
              args: {
                IDENT [10] {
                  name: @index1
                }
                CONSTANT [11] { value: 0 }
              }
            }
            CALL [12] {
              function: _[_]
              args: {
                IDENT [13] {
                  name: @index1
                }
                CONSTANT [14] { value: 1 }
              }
            }
          }
        }
        CALL [15] {
          function: _+_
          args: {
            IDENT [16] {
              name: @index2
            }
            CALL [17] {
              function: _[_]
              args: {
                IDENT [18] {
                  name: @index1
                }
                CONSTANT [19] { value: 2 }
              }
            }
          }
        }
      }
    }
    CALL [20] {
      function: _==_
      args: {
        IDENT [21] {
          name: @index3
        }
        CONSTANT [22] { value: 8 }
      }
    }
  }
}
Test case: SELECT_NESTED_NO_COMMON_SUBEXPR
Source: msg.oneof_type.payload.oneof_type.payload.oneof_type.payload.oneof_type.payload.single_int64
=====>
CALL [1] {
  function: cel.@block
  args: {
    LIST [2] {
      elements: {
        SELECT [3] {
          SELECT [4] {
            IDENT [5] {
              name: msg
            }.oneof_type
          }.payload
        }
        SELECT [6] {
          SELECT [7] {
            IDENT [8] {
              name: @index0
            }.oneof_type
          }.payload
        }
        SELECT [9] {
          SELECT [10] {
            IDENT [11] {
              name: @index1
            }.oneof_type
          }.payload
        }
        SELECT [12] {
          SELECT [13] {
            IDENT [14] {
              name: @index2
            }.oneof_type
          }.payload
        }
      }
    }
    SELECT [15] {
      IDENT [16] {
        name: @index3
      }.single_int64
    }
  }
}
Test case: TERNARY
Source: (msg.single_int64 > 0 ? msg.single_int64 : 0) == 3
=====>
CALL [1] {
  function: cel.@block
  args: {
    LIST [2] {
      elements: {
        SELECT [3] {
          IDENT [4] {
            name: msg
          }.single_int64
        }
        CALL [5] {
          function: _?_:_
          args: {
            CALL [6] {
              function: _>_
              args: {
                IDENT [7] {
                  name: @index0
                }
                CONSTANT [8] { value: 0 }
              }
            }
            IDENT [9] {
              name: @index0
            }
            CONSTANT [10] { value: 0 }
          }
        }
      }
    }
    CALL [11] {
      function: _==_
      args: {
        IDENT [12] {
          name: @index1
        }
        CONSTANT [13] { value: 3 }
      }
    }
  }
}
Test case: TERNARY_BIND_RHS_ONLY
Source: false ? false : (msg.single_int64) + ((msg.single_int64 + 1) * 2) == 11
=====>
CALL [1] {
  function: cel.@block
  args: {
    LIST [2] {
      elements: {
        SELECT [3] {
          IDENT [4] {
            name: msg
          }.single_int64
        }
        CALL [5] {
          function: _*_
          args: {
            CALL [6] {
              function: _+_
              args: {
                IDENT [7] {
                  name: @index0
                }
                CONSTANT [8] { value: 1 }
              }
            }
            CONSTANT [9] { value: 2 }
          }
        }
        CALL [10] {
          function: _==_
          args: {
            CALL [11] {
              function: _+_
              args: {
                IDENT [12] {
                  name: @index0
                }
                IDENT [13] {
                  name: @index1
                }
              }
            }
            CONSTANT [14] { value: 11 }
          }
        }
      }
    }
    CALL [15] {
      function: _?_:_
      args: {
        CONSTANT [16] { value: false }
        CONSTANT [17] { value: false }
        IDENT [18] {
          name: @index2
        }
      }
    }
  }
}
Test case: NESTED_TERNARY
Source: (msg.single_int64 > 0 ? (msg.single_int32 > 0 ? msg.single_int64 + msg.single_int32 : 0) : 0) == 8
=====>
CALL [1] {
  function: cel.@block
  args: {
    LIST [2] {
      elements: {
        SELECT [3] {
          IDENT [4] {
            name: msg
          }.single_int64
        }
        SELECT [5] {
          IDENT [6] {
            name: msg
          }.single_int32
        }
        CALL [7] {
          function: _?_:_
          args: {
            CALL [8] {
              function: _>_
              args: {
                IDENT [9] {
                  name: @index1
                }
                CONSTANT [10] { value: 0 }
              }
            }
            CALL [11] {
              function: _+_
              args: {
                IDENT [12] {
                  name: @index0
                }
                IDENT [13] {
                  name: @index1
                }
              }
            }
            CONSTANT [14] { value: 0 }
          }
        }
        CALL [15] {
          function: _?_:_
          args: {
            CALL [16] {
              function: _>_
              args: {
                IDENT [17] {
                  name: @index0
                }
                CONSTANT [18] { value: 0 }
              }
            }
            IDENT [19] {
              name: @index2
            }
            CONSTANT [20] { value: 0 }
          }
        }
      }
    }
    CALL [21] {
      function: _==_
      args: {
        IDENT [22] {
          name: @index3
        }
        CONSTANT [23] { value: 8 }
      }
    }
  }
}
Test case: MULTIPLE_MACROS_1
Source: size([[1].exists(i, i > 0)]) + size([[1].exists(j, j > 0)]) + size([[2].exists(k, k > 1)]) + size([[2].exists(l, l > 1)]) == 4
=====>
CALL [1] {
  function: cel.@block
  args: {
    LIST [2] {
      elements: {
        CALL [3] {
          function: _||_
          args: {
            IDENT [4] {
              name: @x:0
            }
            CALL [5] {
              function: _>_
              args: {
                IDENT [6] {
                  name: @c:0
                }
                CONSTANT [7] { value: 0 }
              }
            }
          }
        }
        CALL [8] {
          function: _||_
          args: {
            IDENT [9] {
              name: @x:0
            }
            CALL [10] {
              function: _>_
              args: {
                IDENT [11] {
                  name: @c:0
                }
                CONSTANT [12] { value: 1 }
              }
            }
          }
        }
        LIST [13] {
          elements: {
            CONSTANT [14] { value: 1 }
          }
        }
        LIST [15] {
          elements: {
            CONSTANT [16] { value: 2 }
          }
        }
      }
    }
    CALL [17] {
      function: _==_
      args: {
        CALL [18] {
          function: _+_
          args: {
            CALL [19] {
              function: _+_
              args: {
                CALL [20] {
                  function: _+_
                  args: {
                    CALL [21] {
                      function: size
                      args: {
                        LIST [22] {
                          elements: {
                            COMPREHENSION [23] {
                              iter_var: @c:0
                              iter_range: {
                                IDENT [24] {
                                  name: @index2
                                }
                              }
                              accu_var: @x:0
                              accu_init: {
                                CONSTANT [25] { value: false }
                              }
                              loop_condition: {
                                CALL [26] {
                                  function: @not_strictly_false
                                  args: {
                                    CALL [27] {
                                      function: !_
                                      args: {
                                        IDENT [28] {
                                          name: @x:0
                                        }
                                      }
                                    }
                                  }
                                }
                              }
                              loop_step: {
                                IDENT [29] {
                                  name: @index0
                                }
                              }
                              result: {
                                IDENT [30] {
                                  name: @x:0
                                }
                              }
                            }
                          }
                        }
                      }
                    }
                    CALL [31] {
                      function: size
                      args: {
                        LIST [32] {
                          elements: {
                            COMPREHENSION [33] {
                              iter_var: @c:0
                              iter_range: {
                                IDENT [34] {
                                  name: @index2
                                }
                              }
                              accu_var: @x:0
                              accu_init: {
                                CONSTANT [35] { value: false }
                              }
                              loop_condition: {
                                CALL [36] {
                                  function: @not_strictly_false
                                  args: {
                                    CALL [37] {
                                      function: !_
                                      args: {
                                        IDENT [38] {
                                          name: @x:0
                                        }
                                      }
                                    }
                                  }
                                }
                              }
                              loop_step: {
                                IDENT [39] {
                                  name: @index0
                                }
                              }
                              result: {
                                IDENT [40] {
                                  name: @x:0
                                }
                              }
                            }
                          }
                        }
                      }
                    }
                  }
                }
                CALL [41] {
                  function: size
                  args: {
                    LIST [42] {
                      elements: {
                        COMPREHENSION [43] {
                          iter_var: @c:0
                          iter_range: {
                            IDENT [44] {
                              name: @index3
                            }
                          }
                          accu_var: @x:0
                          accu_init: {
                            CONSTANT [45] { value: false }
                          }
                          loop_condition: {
                            CALL [46] {
                              function: @not_strictly_false
                              args: {
                                CALL [47] {
                                  function: !_
                                  args: {
                                    IDENT [48] {
                                      name: @x:0
                                    }
                                  }
                                }
                              }
                            }
                          }
                          loop_step: {
                            IDENT [49] {
                              name: @index1
                            }
                          }
                          result: {
                            IDENT [50] {
                              name: @x:0
                            }
                          }
                        }
                      }
                    }
                  }
                }
              }
            }
            CALL [51] {
              function: size
              args: {
                LIST [52] {
                  elements: {
                    COMPREHENSION [53] {
                      iter_var: @c:0
                      iter_range: {
                        IDENT [54] {
                          name: @index3
                        }
                      }
                      accu_var: @x:0
                      accu_init: {
                        CONSTANT [55] { value: false }
                      }
                      loop_condition: {
                        CALL [56] {
                          function: @not_strictly_false
                          args: {
                            CALL [57] {
                              function: !_
                              args: {
                                IDENT [58] {
                                  name: @x:0
                                }
                              }
                            }
                          }
                        }
                      }
                      loop_step: {
                        IDENT [59] {
                          name: @index1
                        }
                      }
                      result: {
                        IDENT [60] {
                          name: @x:0
                        }
                      }
                    }
                  }
                }
              }
            }
          }
        }
        CONSTANT [61] { value: 4 }
      }
    }
  }
}
Test case: MULTIPLE_MACROS_2
Source: [[1].exists(i, i > 0)] + [[1].exists(j, j > 0)] + [['a'].exists(k, k == 'a')] + [['a'].exists(l, l == 'a')] == [true, true, true, true]
=====>
CALL [1] {
  function: cel.@block
  args: {
    LIST [2] {
      elements: {
        CALL [3] {
          function: _||_
          args: {
            IDENT [4] {
              name: @x:0
            }
            CALL [5] {
              function: _>_
              args: {
                IDENT [6] {
                  name: @c:0
                }
                CONSTANT [7] { value: 0 }
              }
            }
          }
        }
        CALL [8] {
          function: _||_
          args: {
            IDENT [9] {
              name: @x:0
            }
            CALL [10] {
              function: _==_
              args: {
                IDENT [11] {
                  name: @c:0
                }
                CONSTANT [12] { value: "a" }
              }
            }
          }
        }
        LIST [13] {
          elements: {
            CONSTANT [14] { value: 1 }
          }
        }
        LIST [15] {
          elements: {
            CONSTANT [16] { value: "a" }
          }
        }
        LIST [17] {
          elements: {
            CONSTANT [18] { value: true }
            CONSTANT [19] { value: true }
            CONSTANT [20] { value: true }
            CONSTANT [21] { value: true }
          }
        }
      }
    }
    CALL [22] {
      function: _==_
      args: {
        CALL [23] {
          function: _+_
          args: {
            CALL [24] {
              function: _+_
              args: {
                CALL [25] {
                  function: _+_
                  args: {
                    LIST [26] {
                      elements: {
                        COMPREHENSION [27] {
                          iter_var: @c:0
                          iter_range: {
                            IDENT [28] {
                              name: @index2
                            }
                          }
                          accu_var: @x:0
                          accu_init: {
                            CONSTANT [29] { value: false }
                          }
                          loop_condition: {
                            CALL [30] {
                              function: @not_strictly_false
                              args: {
                                CALL [31] {
                                  function: !_
                                  args: {
                                    IDENT [32] {
                                      name: @x:0
                                    }
                                  }
                                }
                              }
                            }
                          }
                          loop_step: {
                            IDENT [33] {
                              name: @index0
                            }
                          }
                          result: {
                            IDENT [34] {
                              name: @x:0
                            }
                          }
                        }
                      }
                    }
                    LIST [35] {
                      elements: {
                        COMPREHENSION [36] {
                          iter_var: @c:0
                          iter_range: {
                            IDENT [37] {
                              name: @index2
                            }
                          }
                          accu_var: @x:0
                          accu_init: {
                            CONSTANT [38] { value: false }
                          }
                          loop_condition: {
                            CALL [39] {
                              function: @not_strictly_false
                              args: {
                                CALL [40] {
                                  function: !_
                                  args: {
                                    IDENT [41] {
                                      name: @x:0
                                    }
                                  }
                                }
                              }
                            }
                          }
                          loop_step: {
                            IDENT [42] {
                              name: @index0
                            }
                          }
                          result: {
                            IDENT [43] {
                              name: @x:0
                            }
                          }
                        }
                      }
                    }
                  }
                }
                LIST [44] {
                  elements: {
                    COMPREHENSION [45] {
                      iter_var: @c:0
                      iter_range: {
                        IDENT [46] {
                          name: @index3
                        }
                      }
                      accu_var: @x:0
                      accu_init: {
                        CONSTANT [47] { value: false }
                      }
                      loop_condition: {
                        CALL [48] {
                          function: @not_strictly_false
                          args: {
                            CALL [49] {
                              function: !_
                              args: {
                                IDENT [50] {
                                  name: @x:0
                                }
                              }
                            }
                          }
                        }
                      }
                      loop_step: {
                        IDENT [51] {
                          name: @index1
                        }
                      }
                      result: {
                        IDENT [52] {
                          name: @x:0
                        }
                      }
                    }
                  }
                }
              }
            }
            LIST [53] {
              elements: {
                COMPREHENSION [54] {
                  iter_var: @c:0
                  iter_range: {
                    IDENT [55] {
                      name: @index3
                    }
                  }
                  accu_var: @x:0
                  accu_init: {
                    CONSTANT [56] { value: false }
                  }
                  loop_condition: {
                    CALL [57] {
                      function: @not_strictly_false
                      args: {
                        CALL [58] {
                          function: !_
                          args: {
                            IDENT [59] {
                              name: @x:0
                            }
                          }
                        }
                      }
                    }
                  }
                  loop_step: {
                    IDENT [60] {
                      name: @index1
                    }
                  }
                  result: {
                    IDENT [61] {
                      name: @x:0
                    }
                  }
                }
              }
            }
          }
        }
        IDENT [62] {
          name: @index4
        }
      }
    }
  }
}
Test case: MULTIPLE_MACROS_3
Source: [1].exists(i, i > 0) && [1].exists(j, j > 0) && [1].exists(k, k > 1) && [2].exists(l, l > 1)
=====>
CALL [1] {
  function: cel.@block
  args: {
    LIST [2] {
      elements: {
        CALL [3] {
          function: _||_
          args: {
            IDENT [4] {
              name: @x:0
            }
            CALL [5] {
              function: _>_
              args: {
                IDENT [6] {
                  name: @c:0
                }
                CONSTANT [7] { value: 0 }
              }
            }
          }
        }
        CALL [8] {
          function: _||_
          args: {
            IDENT [9] {
              name: @x:0
            }
            CALL [10] {
              function: _>_
              args: {
                IDENT [11] {
                  name: @c:0
                }
                CONSTANT [12] { value: 1 }
              }
            }
          }
        }
        LIST [13] {
          elements: {
            CONSTANT [14] { value: 1 }
          }
        }
        LIST [15] {
          elements: {
            CONSTANT [16] { value: 2 }
          }
        }
      }
    }
    CALL [17] {
      function: _&&_
      args: {
        CALL [18] {
          function: _&&_
          args: {
            COMPREHENSION [19] {
              iter_var: @c:0
              iter_range: {
                IDENT [20] {
                  name: @index2
                }
              }
              accu_var: @x:0
              accu_init: {
                CONSTANT [21] { value: false }
              }
              loop_condition: {
                CALL [22] {
                  function: @not_strictly_false
                  args: {
                    CALL [23] {
                      function: !_
                      args: {
                        IDENT [24] {
                          name: @x:0
                        }
                      }
                    }
                  }
                }
              }
              loop_step: {
                IDENT [25] {
                  name: @index0
                }
              }
              result: {
                IDENT [26] {
                  name: @x:0
                }
              }
            }
            COMPREHENSION [27] {
              iter_var: @c:0
              iter_range: {
                IDENT [28] {
                  name: @index2
                }
              }
              accu_var: @x:0
              accu_init: {
                CONSTANT [29] { value: false }
              }
              loop_condition: {
                CALL [30] {
                  function: @not_strictly_false
                  args: {
                    CALL [31] {
                      function: !_
                      args: {
                        IDENT [32] {
                          name: @x:0
                        }
                      }
                    }
                  }
                }
              }
              loop_step: {
                IDENT [33] {
                  name: @index0
                }
              }
              result: {
                IDENT [34] {
                  name: @x:0
                }
              }
            }
          }
        }
        CALL [35] {
          function: _&&_
          args: {
            COMPREHENSION [36] {
              iter_var: @c:0
              iter_range: {
                IDENT [37] {
                  name: @index2
                }
              }
              accu_var: @x:0
              accu_init: {
                CONSTANT [38] { value: false }
              }
              loop_condition: {
                CALL [39] {
                  function: @not_strictly_false
                  args: {
                    CALL [40] {
                      function: !_
                      args: {
                        IDENT [41] {
                          name: @x:0
                        }
                      }
                    }
                  }
                }
              }
              loop_step: {
                IDENT [42] {
                  name: @index1
                }
              }
              result: {
                IDENT [43] {
                  name: @x:0
                }
              }
            }
            COMPREHENSION [44] {
              iter_var: @c:0
              iter_range: {
                IDENT [45] {
                  name: @index3
                }
              }
              accu_var: @x:0
              accu_init: {
                CONSTANT [46] { value: false }
              }
              loop_condition: {
                CALL [47] {
                  function: @not_strictly_false
                  args: {
                    CALL [48] {
                      function: !_
                      args: {
                        IDENT [49] {
                          name: @x:0
                        }
                      }
                    }
                  }
                }
              }
              loop_step: {
                IDENT [50] {
                  name: @index1
                }
              }
              result: {
                IDENT [51] {
                  name: @x:0
                }
              }
            }
          }
        }
      }
    }
  }
}
Test case: NESTED_MACROS
Source: [1,2,3].map(i, [1, 2, 3].map(i, i + 1)) == [[2, 3, 4], [2, 3, 4], [2, 3, 4]]
=====>
CALL [1] {
  function: cel.@block
  args: {
    LIST [2] {
      elements: {
        LIST [3] {
          elements: {
            CONSTANT [4] { value: 1 }
            CONSTANT [5] { value: 2 }
            CONSTANT [6] { value: 3 }
          }
        }
        LIST [7] {
          elements: {
            CONSTANT [8] { value: 2 }
            CONSTANT [9] { value: 3 }
            CONSTANT [10] { value: 4 }
          }
        }
        LIST [11] {
          elements: {
            CALL [12] {
              function: _+_
              args: {
                IDENT [13] {
                  name: @c:1
                }
                CONSTANT [14] { value: 1 }
              }
            }
          }
        }
        COMPREHENSION [15] {
          iter_var: @c:1
          iter_range: {
            IDENT [16] {
              name: @index0
            }
          }
          accu_var: @x:1
          accu_init: {
            LIST [17] {
              elements: {
              }
            }
          }
          loop_condition: {
            CONSTANT [18] { value: true }
          }
          loop_step: {
            CALL [19] {
              function: _+_
              args: {
                IDENT [20] {
                  name: @x:1
                }
                IDENT [21] {
                  name: @index2
                }
              }
            }
          }
          result: {
            IDENT [22] {
              name: @x:1
            }
          }
        }
        CALL [23] {
          function: _+_
          args: {
            IDENT [24] {
              name: @x:0
            }
            LIST [25] {
              elements: {
                IDENT [26] {
                  name: @index3
                }
              }
            }
          }
        }
        COMPREHENSION [27] {
          iter_var: @c:0
          iter_range: {
            IDENT [28] {
              name: @index0
            }
          }
          accu_var: @x:0
          accu_init: {
            LIST [29] {
              elements: {
              }
            }
          }
          loop_condition: {
            CONSTANT [30] { value: true }
          }
          loop_step: {
            IDENT [31] {
              name: @index4
            }
          }
          result: {
            IDENT [32] {
              name: @x:0
            }
          }
        }
      }
    }
    CALL [33] {
      function: _==_
      args: {
        IDENT [34] {
          name: @index5
        }
        LIST [35] {
          elements: {
            IDENT [36] {
              name: @index1
            }
            IDENT [37] {
              name: @index1
            }
            IDENT [38] {
              name: @index1
            }
          }
        }
      }
    }
  }
}
Test case: NESTED_MACROS_2
Source: [1, 2].map(y, [1, 2, 3].filter(x, x == y)) == [[1], [2]]
=====>
CALL [1] {
  function: cel.@block
  args: {
    LIST [2] {
      elements: {
        CALL [3] {
          function: _+_
          args: {
            IDENT [4] {
              name: @x:1
            }
            LIST [5] {
              elements: {
                IDENT [6] {
                  name: @c:1
                }
              }
            }
          }
        }
        CALL [7] {
          function: _?_:_
          args: {
            CALL [8] {
              function: _==_
              args: {
                IDENT [9] {
                  name: @c:1
                }
                IDENT [10] {
                  name: @c:0
                }
              }
            }
            IDENT [11] {
              name: @index0
            }
            IDENT [12] {
              name: @x:1
            }
          }
        }
        COMPREHENSION [13] {
          iter_var: @c:1
          iter_range: {
            LIST [14] {
              elements: {
                CONSTANT [15] { value: 1 }
                CONSTANT [16] { value: 2 }
                CONSTANT [17] { value: 3 }
              }
            }
          }
          accu_var: @x:1
          accu_init: {
            LIST [18] {
              elements: {
              }
            }
          }
          loop_condition: {
            CONSTANT [19] { value: true }
          }
          loop_step: {
            IDENT [20] {
              name: @index1
            }
          }
          result: {
            IDENT [21] {
              name: @x:1
            }
          }
        }
        CALL [22] {
          function: _+_
          args: {
            IDENT [23] {
              name: @x:0
            }
            LIST [24] {
              elements: {
                IDENT [25] {
                  name: @index2
                }
              }
            }
          }
        }
        COMPREHENSION [26] {
          iter_var: @c:0
          iter_range: {
            LIST [27] {
              elements: {
                CONSTANT [28] { value: 1 }
                CONSTANT [29] { value: 2 }
              }
            }
          }
          accu_var: @x:0
          accu_init: {
            LIST [30] {
              elements: {
              }
            }
          }
          loop_condition: {
            CONSTANT [31] { value: true }
          }
          loop_step: {
            IDENT [32] {
              name: @index3
            }
          }
          result: {
            IDENT [33] {
              name: @x:0
            }
          }
        }
        LIST [34] {
          elements: {
            LIST [35] {
              elements: {
                CONSTANT [36] { value: 1 }
              }
            }
            LIST [37] {
              elements: {
                CONSTANT [38] { value: 2 }
              }
            }
          }
        }
      }
    }
    CALL [39] {
      function: _==_
      args: {
        IDENT [40] {
          name: @index4
        }
        IDENT [41] {
          name: @index5
        }
      }
    }
  }
}
Test case: ADJACENT_NESTED_MACROS
Source: [1,2,3].map(i, [1, 2, 3].map(i, i + 1)) == [1,2,3].map(j, [1, 2, 3].map(j, j + 1))
=====>
CALL [1] {
  function: cel.@block
  args: {
    LIST [2] {
      elements: {
        LIST [3] {
          elements: {
            CALL [4] {
              function: _+_
              args: {
                IDENT [5] {
                  name: @c:1
                }
                CONSTANT [6] { value: 1 }
              }
            }
          }
        }
        COMPREHENSION [7] {
          iter_var: @c:1
          iter_range: {
            LIST [8] {
              elements: {
                CONSTANT [9] { value: 1 }
                CONSTANT [10] { value: 2 }
                CONSTANT [11] { value: 3 }
              }
            }
          }
          accu_var: @x:1
          accu_init: {
            LIST [12] {
              elements: {
              }
            }
          }
          loop_condition: {
            CONSTANT [13] { value: true }
          }
          loop_step: {
            CALL [14] {
              function: _+_
              args: {
                IDENT [15] {
                  name: @x:1
                }
                IDENT [16] {
                  name: @index0
                }
              }
            }
          }
          result: {
            IDENT [17] {
              name: @x:1
            }
          }
        }
        CALL [18] {
          function: _+_
          args: {
            IDENT [19] {
              name: @x:0
            }
            LIST [20] {
              elements: {
                IDENT [21] {
                  name: @index1
                }
              }
            }
          }
        }
        COMPREHENSION [22] {
          iter_var: @c:0
          iter_range: {
            LIST [23] {
              elements: {
                CONSTANT [24] { value: 1 }
                CONSTANT [25] { value: 2 }
                CONSTANT [26] { value: 3 }
              }
            }
          }
          accu_var: @x:0
          accu_init: {
            LIST [27] {
              elements: {
              }
            }
          }
          loop_condition: {
            CONSTANT [28] { value: true }
          }
          loop_step: {
            IDENT [29] {
              name: @index2
            }
          }
          result: {
            IDENT [30] {
              name: @x:0
            }
          }
        }
      }
    }
    CALL [31] {
      function: _==_
      args: {
        IDENT [32] {
          name: @index3
        }
        IDENT [33] {
          name: @index3
        }
      }
    }
  }
}
Test case: INCLUSION_LIST
Source: 1 in [1,2,3] && 2 in [1,2,3] && 3 in [3, [1,2,3]] && 1 in [1,2,3]
=====>
CALL [1] {
  function: cel.@block
  args: {
    LIST [2] {
      elements: {
        CALL [3] {
          function: @in
          args: {
            CONSTANT [4] { value: 1 }
            LIST [5] {
              elements: {
                CONSTANT [6] { value: 1 }
                CONSTANT [7] { value: 2 }
                CONSTANT [8] { value: 3 }
              }
            }
          }
        }
        LIST [9] {
          elements: {
            CONSTANT [10] { value: 1 }
            CONSTANT [11] { value: 2 }
            CONSTANT [12] { value: 3 }
          }
        }
        CALL [13] {
          function: _&&_
          args: {
            IDENT [14] {
              name: @index0
            }
            CALL [15] {
              function: @in
              args: {
                CONSTANT [16] { value: 2 }
                IDENT [17] {
                  name: @index1
                }
              }
            }
          }
        }
        CALL [18] {
          function: @in
          args: {
            CONSTANT [19] { value: 3 }
            LIST [20] {
              elements: {
                CONSTANT [21] { value: 3 }
                IDENT [22] {
                  name: @index1
                }
              }
            }
          }
        }
      }
    }
    CALL [23] {
      function: _&&_
      args: {
        IDENT [24] {
          name: @index2
        }
        CALL [25] {
          function: _&&_
          args: {
            IDENT [26] {
              name: @index3
            }
            IDENT [27] {
              name: @index0
            }
          }
        }
      }
    }
  }
}
Test case: INCLUSION_MAP
Source: 2 in {'a': 1, 2: {true: false}, 3: {true: false}}
=====>
CALL [1] {
  function: cel.@block
  args: {
    LIST [2] {
      elements: {
        MAP [3] {
          MAP_ENTRY [4] {
            key: {
              CONSTANT [5] { value: true }
            }
            value: {
              CONSTANT [6] { value: false }
            }
          }
        }
      }
    }
    CALL [7] {
      function: @in
      args: {
        CONSTANT [8] { value: 2 }
        MAP [9] {
          MAP_ENTRY [10] {
            key: {
              CONSTANT [11] { value: "a" }
            }
            value: {
              CONSTANT [12] { value: 1 }
            }
          }
          MAP_ENTRY [13] {
            key: {
              CONSTANT [14] { value: 2 }
            }
            value: {
              IDENT [15] {
                name: @index0
              }
            }
          }
          MAP_ENTRY [16] {
            key: {
              CONSTANT [17] { value: 3 }
            }
            value: {
              IDENT [18] {
                name: @index0
              }
            }
          }
        }
      }
    }
  }
}
Test case: MACRO_ITER_VAR_NOT_REFERENCED
Source: [1,2].map(i, [1, 2].map(i, [3,4])) == [[[3, 4], [3, 4]], [[3, 4], [3, 4]]]
=====>
CALL [1] {
  function: cel.@block
  args: {
    LIST [2] {
      elements: {
        LIST [3] {
          elements: {
            LIST [4] {
              elements: {
                CONSTANT [5] { value: 3 }
                CONSTANT [6] { value: 4 }
              }
            }
            LIST [7] {
              elements: {
                CONSTANT [8] { value: 3 }
                CONSTANT [9] { value: 4 }
              }
            }
          }
        }
        LIST [10] {
          elements: {
            CONSTANT [11] { value: 1 }
            CONSTANT [12] { value: 2 }
          }
        }
        LIST [13] {
          elements: {
            LIST [14] {
              elements: {
                CONSTANT [15] { value: 3 }
                CONSTANT [16] { value: 4 }
              }
            }
          }
        }
        COMPREHENSION [17] {
          iter_var: @c:1
          iter_range: {
            IDENT [18] {
              name: @index1
            }
          }
          accu_var: @x:1
          accu_init: {
            LIST [19] {
              elements: {
              }
            }
          }
          loop_condition: {
            CONSTANT [20] { value: true }
          }
          loop_step: {
            CALL [21] {
              function: _+_
              args: {
                IDENT [22] {
                  name: @x:1
                }
                IDENT [23] {
                  name: @index2
                }
              }
            }
          }
          result: {
            IDENT [24] {
              name: @x:1
            }
          }
        }
        CALL [25] {
          function: _+_
          args: {
            IDENT [26] {
              name: @x:0
            }
            LIST [27] {
              elements: {
                IDENT [28] {
                  name: @index3
                }
              }
            }
          }
        }
        COMPREHENSION [29] {
          iter_var: @c:0
          iter_range: {
            IDENT [30] {
              name: @index1
            }
          }
          accu_var: @x:0
          accu_init: {
            LIST [31] {
              elements: {
              }
            }
          }
          loop_condition: {
            CONSTANT [32] { value: true }
          }
          loop_step: {
            IDENT [33] {
              name: @index4
            }
          }
          result: {
            IDENT [34] {
              name: @x:0
            }
          }
        }
      }
    }
    CALL [35] {
      function: _==_
      args: {
        IDENT [36] {
          name: @index5
        }
        LIST [37] {
          elements: {
            IDENT [38] {
              name: @index0
            }
            IDENT [39] {
              name: @index0
            }
          }
        }
      }
    }
  }
}
Test case: MACRO_SHADOWED_VARIABLE
Source: [x - 1 > 3 ? x - 1 : 5].exists(x, x - 1 > 3) || x - 1 > 3
=====>
CALL [1] {
  function: cel.@block
  args: {
    LIST [2] {
      elements: {
        CALL [3] {
          function: _>_
          args: {
            CALL [4] {
              function: _-_
              args: {
                IDENT [5] {
                  name: x
                }
                CONSTANT [6] { value: 1 }
              }
            }
            CONSTANT [7] { value: 3 }
          }
        }
        CALL [8] {
          function: _?_:_
          args: {
            IDENT [9] {
              name: @index0
            }
            CALL [10] {
              function: _-_
              args: {
                IDENT [11] {
                  name: x
                }
                CONSTANT [12] { value: 1 }
              }
            }
            CONSTANT [13] { value: 5 }
          }
        }
        CALL [14] {
          function: _>_
          args: {
            CALL [15] {
              function: _-_
              args: {
                IDENT [16] {
                  name: @c:0
                }
                CONSTANT [17] { value: 1 }
              }
            }
            CONSTANT [18] { value: 3 }
          }
        }
        LIST [19] {
          elements: {
            IDENT [20] {
              name: @index1
            }
          }
        }
        CALL [21] {
          function: _||_
          args: {
            IDENT [22] {
              name: @x:0
            }
            IDENT [23] {
              name: @index2
            }
          }
        }
      }
    }
    CALL [24] {
      function: _||_
      args: {
        COMPREHENSION [25] {
          iter_var: @c:0
          iter_range: {
            IDENT [26] {
              name: @index3
            }
          }
          accu_var: @x:0
          accu_init: {
            CONSTANT [27] { value: false }
          }
          loop_condition: {
            CALL [28] {
              function: @not_strictly_false
              args: {
                CALL [29] {
                  function: !_
                  args: {
                    IDENT [30] {
                      name: @x:0
                    }
                  }
                }
              }
            }
          }
          loop_step: {
            IDENT [31] {
              name: @index4
            }
          }
          result: {
            IDENT [32] {
              name: @x:0
            }
          }
        }
        IDENT [33] {
          name: @index0
        }
      }
    }
  }
}
Test case: MACRO_SHADOWED_VARIABLE_2
Source: ["foo", "bar"].map(x, [x + x, x + x]).map(x, [x + x, x + x])
=====>
CALL [1] {
  function: cel.@block
  args: {
    LIST [2] {
      elements: {
        CALL [3] {
          function: _+_
          args: {
            IDENT [4] {
              name: @c:1
            }
            IDENT [5] {
              name: @c:1
            }
          }
        }
        CALL [6] {
          function: _+_
          args: {
            IDENT [7] {
              name: @c:0
            }
            IDENT [8] {
              name: @c:0
            }
          }
        }
        LIST [9] {
          elements: {
            LIST [10] {
              elements: {
                IDENT [11] {
                  name: @index0
                }
                IDENT [12] {
                  name: @index0
                }
              }
            }
          }
        }
        COMPREHENSION [13] {
          iter_var: @c:1
          iter_range: {
            LIST [14] {
              elements: {
                CONSTANT [15] { value: "foo" }
                CONSTANT [16] { value: "bar" }
              }
            }
          }
          accu_var: @x:1
          accu_init: {
            LIST [17] {
              elements: {
              }
            }
          }
          loop_condition: {
            CONSTANT [18] { value: true }
          }
          loop_step: {
            CALL [19] {
              function: _+_
              args: {
                IDENT [20] {
                  name: @x:1
                }
                IDENT [21] {
                  name: @index2
                }
              }
            }
          }
          result: {
            IDENT [22] {
              name: @x:1
            }
          }
        }
        LIST [23] {
          elements: {
            LIST [24] {
              elements: {
                IDENT [25] {
                  name: @index1
                }
                IDENT [26] {
                  name: @index1
                }
              }
            }
          }
        }
      }
    }
    COMPREHENSION [27] {
      iter_var: @c:0
      iter_range: {
        IDENT [28] {
          name: @index3
        }
      }
      accu_var: @x:0
      accu_init: {
        LIST [29] {
          elements: {
          }
        }
      }
      loop_condition: {
        CONSTANT [30] { value: true }
      }
      loop_step: {
        CALL [31] {
          function: _+_
          args: {
            IDENT [32] {
              name: @x:0
            }
            IDENT [33] {
              name: @index4
            }
          }
        }
      }
      result: {
        IDENT [34] {
          name: @x:0
        }
      }
    }
  }
}
Test case: PRESENCE_TEST
Source: has({'a': true}.a) && {'a':true}['a']
=====>
CALL [1] {
  function: cel.@block
  args: {
    LIST [2] {
      elements: {
        MAP [3] {
          MAP_ENTRY [4] {
            key: {
              CONSTANT [5] { value: "a" }
            }
            value: {
              CONSTANT [6] { value: true }
            }
          }
        }
      }
    }
    CALL [7] {
      function: _&&_
      args: {
        SELECT [8] {
          IDENT [9] {
            name: @index0
          }.a~presence_test
        }
        CALL [10] {
          function: _[_]
          args: {
            IDENT [11] {
              name: @index0
            }
            CONSTANT [12] { value: "a" }
          }
        }
      }
    }
  }
}
Test case: PRESENCE_TEST_2
Source: has({'a': true}.a) && has({'a': true}.a)
=====>
CALL [1] {
  function: cel.@block
  args: {
    LIST [2] {
      elements: {
        SELECT [3] {
          MAP [4] {
            MAP_ENTRY [5] {
              key: {
                CONSTANT [6] { value: "a" }
              }
              value: {
                CONSTANT [7] { value: true }
              }
            }
          }.a~presence_test
        }
      }
    }
    CALL [8] {
      function: _&&_
      args: {
        IDENT [9] {
          name: @index0
        }
        IDENT [10] {
          name: @index0
        }
      }
    }
  }
}
Test case: PRESENCE_TEST_WITH_TERNARY
Source: (has(msg.oneof_type.payload) ? msg.oneof_type.payload.single_int64 : 0) == 10
=====>
CALL [1] {
  function: cel.@block
  args: {
    LIST [2] {
      elements: {
        SELECT [3] {
          IDENT [4] {
            name: msg
          }.oneof_type
        }
        SELECT [5] {
          SELECT [6] {
            IDENT [7] {
              name: @index0
            }.payload
          }.single_int64
        }
        CALL [8] {
          function: _?_:_
          args: {
            SELECT [9] {
              IDENT [10] {
                name: @index0
              }.payload~presence_test
            }
            IDENT [11] {
              name: @index1
            }
            CONSTANT [12] { value: 0 }
          }
        }
      }
    }
    CALL [13] {
      function: _==_
      args: {
        IDENT [14] {
          name: @index2
        }
        CONSTANT [15] { value: 10 }
      }
    }
  }
}
Test case: PRESENCE_TEST_WITH_TERNARY_2
Source: (has(msg.oneof_type.payload) ? msg.oneof_type.payload.single_int64 : msg.oneof_type.payload.single_int64 * 0) == 10
=====>
CALL [1] {
  function: cel.@block
  args: {
    LIST [2] {
      elements: {
        SELECT [3] {
          SELECT [4] {
            IDENT [5] {
              name: msg
            }.oneof_type
          }.payload
        }
        SELECT [6] {
          IDENT [7] {
            name: @index0
          }.single_int64
        }
        SELECT [8] {
          SELECT [9] {
            IDENT [10] {
              name: msg
            }.oneof_type
          }.payload~presence_test
        }
        CALL [11] {
          function: _?_:_
          args: {
            IDENT [12] {
              name: @index2
            }
            IDENT [13] {
              name: @index1
            }
            CALL [14] {
              function: _*_
              args: {
                IDENT [15] {
                  name: @index1
                }
                CONSTANT [16] { value: 0 }
              }
            }
          }
        }
      }
    }
    CALL [17] {
      function: _==_
      args: {
        IDENT [18] {
          name: @index3
        }
        CONSTANT [19] { value: 10 }
      }
    }
  }
}
Test case: PRESENCE_TEST_WITH_TERNARY_3
Source: (has(msg.oneof_type.payload.single_int64) ? msg.oneof_type.payload.single_int64 : msg.oneof_type.payload.single_int64 * 0) == 10
=====>
CALL [1] {
  function: cel.@block
  args: {
    LIST [2] {
      elements: {
        SELECT [3] {
          SELECT [4] {
            IDENT [5] {
              name: msg
            }.oneof_type
          }.payload
        }
        SELECT [6] {
          IDENT [7] {
            name: @index0
          }.single_int64
        }
        CALL [8] {
          function: _?_:_
          args: {
            SELECT [9] {
              IDENT [10] {
                name: @index0
              }.single_int64~presence_test
            }
            IDENT [11] {
              name: @index1
            }
            CALL [12] {
              function: _*_
              args: {
                IDENT [13] {
                  name: @index1
                }
                CONSTANT [14] { value: 0 }
              }
            }
          }
        }
      }
    }
    CALL [15] {
      function: _==_
      args: {
        IDENT [16] {
          name: @index2
        }
        CONSTANT [17] { value: 10 }
      }
    }
  }
}
Test case: PRESENCE_TEST_WITH_TERNARY_NESTED
Source: (has(msg.oneof_type) && has(msg.oneof_type.payload) && has(msg.oneof_type.payload.single_int64)) ? ((has(msg.oneof_type.payload.map_string_string) && has(msg.oneof_type.payload.map_string_string.key)) ? msg.oneof_type.payload.map_string_string.key == 'A' : false) : false
=====>
CALL [1] {
  function: cel.@block
  args: {
    LIST [2] {
      elements: {
        SELECT [3] {
          SELECT [4] {
            IDENT [5] {
              name: msg
            }.oneof_type
          }.payload
        }
        SELECT [6] {
          IDENT [7] {
            name: @index0
          }.map_string_string
        }
        SELECT [8] {
          SELECT [9] {
            IDENT [10] {
              name: msg
            }.oneof_type
          }.payload~presence_test
        }
        CALL [11] {
          function: _&&_
          args: {
            SELECT [12] {
              IDENT [13] {
                name: msg
              }.oneof_type~presence_test
            }
            IDENT [14] {
              name: @index2
            }
          }
        }
        CALL [15] {
          function: _&&_
          args: {
            IDENT [16] {
              name: @index3
            }
            SELECT [17] {
              IDENT [18] {
                name: @index0
              }.single_int64~presence_test
            }
          }
        }
        CALL [19] {
          function: _&&_
          args: {
            SELECT [20] {
              IDENT [21] {
                name: @index0
              }.map_string_string~presence_test
            }
            SELECT [22] {
              IDENT [23] {
                name: @index1
              }.key~presence_test
            }
          }
        }
        CALL [24] {
          function: _==_
          args: {
            SELECT [25] {
              IDENT [26] {
                name: @index1
              }.key
            }
            CONSTANT [27] { value: "A" }
          }
        }
      }
    }
    CALL [28] {
      function: _?_:_
      args: {
        IDENT [29] {
          name: @index4
        }
        CALL [30] {
          function: _?_:_
          args: {
            IDENT [31] {
              name: @index5
            }
            IDENT [32] {
              name: @index6
            }
            CONSTANT [33] { value: false }
          }
        }
        CONSTANT [34] { value: false }
      }
    }
  }
}
Test case: OPTIONAL_LIST
Source: [10, ?optional.none(), [?optional.none(), ?opt_x], [?optional.none(), ?opt_x]] == [10, [5], [5]]
=====>
CALL [1] {
  function: cel.@block
  args: {
    LIST [2] {
      elements: {
        LIST [3] {
          elements: {
            CALL [4] {
              function: optional.none
              args: {
              }
            }
            IDENT [5] {
              name: opt_x
            }
          }
          optional_indices: [0, 1]
        }
        LIST [6] {
          elements: {
            CONSTANT [7] { value: 5 }
          }
        }
        LIST [8] {
          elements: {
            CONSTANT [9] { value: 10 }
            CALL [10] {
              function: optional.none
              args: {
              }
            }
            IDENT [11] {
              name: @index0
            }
            IDENT [12] {
              name: @index0
            }
          }
          optional_indices: [0]
        }
      }
    }
    CALL [13] {
      function: _==_
      args: {
        IDENT [14] {
          name: @index2
        }
        LIST [15] {
          elements: {
            CONSTANT [16] { value: 10 }
            IDENT [17] {
              name: @index1
            }
            IDENT [18] {
              name: @index1
            }
          }
        }
      }
    }
  }
}
Test case: OPTIONAL_MAP
Source: {?'hello': optional.of('hello')}['hello'] + {?'hello': optional.of('hello')}['hello'] == 'hellohello'
=====>
CALL [1] {
  function: cel.@block
  args: {
    LIST [2] {
      elements: {
        MAP [3] {
          MAP_ENTRY [4] {
            key: {
              CONSTANT [5] { value: "hello" }
            }
            optional_entry: true
            value: {
              CALL [6] {
                function: optional.of
                args: {
                  CONSTANT [7] { value: "hello" }
                }
              }
            }
          }
        }
        CALL [8] {
          function: _[_]
          args: {
            IDENT [9] {
              name: @index0
            }
            CONSTANT [10] { value: "hello" }
          }
        }
      }
    }
    CALL [11] {
      function: _==_
      args: {
        CALL [12] {
          function: _+_
          args: {
            IDENT [13] {
              name: @index1
            }
            IDENT [14] {
              name: @index1
            }
          }
        }
        CONSTANT [15] { value: "hellohello" }
      }
    }
  }
}
Test case: OPTIONAL_MAP_CHAINED
Source: {?'key': optional.of('test')}[?'bogus'].or({'key': 'test'}[?'bogus']).orValue({'key': 'test'}['key']) == 'test'
=====>
CALL [1] {
  function: cel.@block
  args: {
    LIST [2] {
      elements: {
        MAP [3] {
          MAP_ENTRY [4] {
            key: {
              CONSTANT [5] { value: "key" }
            }
            value: {
              CONSTANT [6] { value: "test" }
            }
          }
        }
        MAP [7] {
          MAP_ENTRY [8] {
            key: {
              CONSTANT [9] { value: "key" }
            }
            optional_entry: true
            value: {
              CALL [10] {
                function: optional.of
                args: {
                  CONSTANT [11] { value: "test" }
                }
              }
            }
          }
        }
        CALL [12] {
          function: or
          target: {
            CALL [13] {
              function: _[?_]
              args: {
                IDENT [14] {
                  name: @index1
                }
                CONSTANT [15] { value: "bogus" }
              }
            }
          }
          args: {
            CALL [16] {
              function: _[?_]
              args: {
                IDENT [17] {
                  name: @index0
                }
                CONSTANT [18] { value: "bogus" }
              }
            }
          }
        }
        CALL [19] {
          function: orValue
          target: {
            IDENT [20] {
              name: @index2
            }
          }
          args: {
            CALL [21] {
              function: _[_]
              args: {
                IDENT [22] {
                  name: @index0
                }
                CONSTANT [23] { value: "key" }
              }
            }
          }
        }
      }
    }
    CALL [24] {
      function: _==_
      args: {
        IDENT [25] {
          name: @index3
        }
        CONSTANT [26] { value: "test" }
      }
    }
  }
}
Test case: OPTIONAL_MESSAGE
Source: TestAllTypes{?single_int64: optional.ofNonZeroValue(1), ?single_int32: optional.of(4)}.single_int32 + TestAllTypes{?single_int64: optional.ofNonZeroValue(1), ?single_int32: optional.of(4)}.single_int64 == 5
=====>
CALL [1] {
  function: cel.@block
  args: {
    LIST [2] {
      elements: {
        STRUCT [3] {
          name: TestAllTypes
          entries: {
            ENTRY [4] {
              field_key: single_int64
              optional_entry: true
              value: {
                CALL [5] {
                  function: optional.ofNonZeroValue
                  args: {
                    CONSTANT [6] { value: 1 }
                  }
                }
              }
            }
            ENTRY [7] {
              field_key: single_int32
              optional_entry: true
              value: {
                CALL [8] {
                  function: optional.of
                  args: {
                    CONSTANT [9] { value: 4 }
                  }
                }
              }
            }
          }
        }
        CALL [10] {
          function: _+_
          args: {
            SELECT [11] {
              IDENT [12] {
                name: @index0
              }.single_int32
            }
            SELECT [13] {
              IDENT [14] {
                name: @index0
              }.single_int64
            }
          }
        }
      }
    }
    CALL [15] {
      function: _==_
      args: {
        IDENT [16] {
          name: @index1
        }
        CONSTANT [17] { value: 5 }
      }
    }
  }
}
Test case: CALL
Source: ('h' + 'e' + 'l' + 'l' + 'o' + ' world').matches('h' + 'e' + 'l' + 'l' + 'o')
=====>
CALL [1] {
  function: cel.@block
  args: {
    LIST [2] {
      elements: {
        CALL [3] {
          function: _+_
          args: {
            CALL [4] {
              function: _+_
              args: {
                CONSTANT [5] { value: "h" }
                CONSTANT [6] { value: "e" }
              }
            }
            CONSTANT [7] { value: "l" }
          }
        }
        CALL [8] {
          function: _+_
          args: {
            CALL [9] {
              function: _+_
              args: {
                IDENT [10] {
                  name: @index0
                }
                CONSTANT [11] { value: "l" }
              }
            }
            CONSTANT [12] { value: "o" }
          }
        }
      }
    }
    CALL [13] {
      function: matches
      target: {
        CALL [14] {
          function: _+_
          args: {
            IDENT [15] {
              name: @index1
            }
            CONSTANT [16] { value: " world" }
          }
        }
      }
      args: {
        IDENT [17] {
          name: @index1
        }
      }
    }
  }
}
Test case: CALL_ARGUMENT_NESTED_NO_COMMON_SUBEXPR
Source: 'hello world'.matches('h' + 'e' + 'l' + 'l' + 'o')
=====>
CALL [1] {
  function: cel.@block
  args: {
    LIST [2] {
      elements: {
        CALL [3] {
          function: _+_
          args: {
            CALL [4] {
              function: _+_
              args: {
                CONSTANT [5] { value: "h" }
                CONSTANT [6] { value: "e" }
              }
            }
            CONSTANT [7] { value: "l" }
          }
        }
        CALL [8] {
          function: _+_
          args: {
            CALL [9] {
              function: _+_
              args: {
                IDENT [10] {
                  name: @index0
                }
                CONSTANT [11] { value: "l" }
              }
            }
            CONSTANT [12] { value: "o" }
          }
        }
      }
    }
    CALL [13] {
      function: matches
      target: {
        CONSTANT [14] { value: "hello world" }
      }
      args: {
        IDENT [15] {
          name: @index1
        }
      }
    }
  }
}
Test case: CALL_TARGET_NESTED_NO_COMMON_SUBEXPR
Source: ('h' + 'e' + 'l' + 'l' + 'o' + ' world').matches('hello')
=====>
CALL [1] {
  function: cel.@block
  args: {
    LIST [2] {
      elements: {
        CALL [3] {
          function: _+_
          args: {
            CALL [4] {
              function: _+_
              args: {
                CONSTANT [5] { value: "h" }
                CONSTANT [6] { value: "e" }
              }
            }
            CONSTANT [7] { value: "l" }
          }
        }
        CALL [8] {
          function: _+_
          args: {
            CALL [9] {
              function: _+_
              args: {
                IDENT [10] {
                  name: @index0
                }
                CONSTANT [11] { value: "l" }
              }
            }
            CONSTANT [12] { value: "o" }
          }
        }
      }
    }
    CALL [13] {
      function: matches
      target: {
        CALL [14] {
          function: _+_
          args: {
            IDENT [15] {
              name: @index1
            }
            CONSTANT [16] { value: " world" }
          }
        }
      }
      args: {
        CONSTANT [17] { value: "hello" }
      }
    }
  }
}
Test case: CALL_BOTH_ARGUMENT_TARGET_NESTED_NO_COMMON_SUBEXPR
Source: ('h' + 'e' + 'l' + 'l' + 'o' + ' world').matches('w' + 'o' + 'r' + 'l' + 'd')
=====>
CALL [1] {
  function: cel.@block
  args: {
    LIST [2] {
      elements: {
        CALL [3] {
          function: _+_
          args: {
            CALL [4] {
              function: _+_
              args: {
                CONSTANT [5] { value: "h" }
                CONSTANT [6] { value: "e" }
              }
            }
            CONSTANT [7] { value: "l" }
          }
        }
        CALL [8] {
          function: _+_
          args: {
            CALL [9] {
              function: _+_
              args: {
                IDENT [10] {
                  name: @index0
                }
                CONSTANT [11] { value: "l" }
              }
            }
            CONSTANT [12] { value: "o" }
          }
        }
        CALL [13] {
          function: _+_
          args: {
            CALL [14] {
              function: _+_
              args: {
                CONSTANT [15] { value: "w" }
                CONSTANT [16] { value: "o" }
              }
            }
            CONSTANT [17] { value: "r" }
          }
        }
        CALL [18] {
          function: _+_
          args: {
            CALL [19] {
              function: _+_
              args: {
                IDENT [20] {
                  name: @index2
                }
                CONSTANT [21] { value: "l" }
              }
            }
            CONSTANT [22] { value: "d" }
          }
        }
      }
    }
    CALL [23] {
      function: matches
      target: {
        CALL [24] {
          function: _+_
          args: {
            IDENT [25] {
              name: @index1
            }
            CONSTANT [26] { value: " world" }
          }
        }
      }
      args: {
        IDENT [27] {
          name: @index3
        }
      }
    }
  }
}
Test case: CUSTOM_FUNCTION_INELIMINABLE
Source: non_pure_custom_func(msg.oneof_type.payload.single_int64) + non_pure_custom_func(msg.oneof_type.payload.single_int32) + non_pure_custom_func(msg.oneof_type.payload.single_int64) + non_pure_custom_func(msg.single_int64)
=====>
CALL [1] {
  function: cel.@block
  args: {
    LIST [2] {
      elements: {
        SELECT [3] {
          SELECT [4] {
            IDENT [5] {
              name: msg
            }.oneof_type
          }.payload
        }
        SELECT [6] {
          IDENT [7] {
            name: @index0
          }.single_int64
        }
      }
    }
    CALL [8] {
      function: _+_
      args: {
        CALL [9] {
          function: _+_
          args: {
            CALL [10] {
              function: _+_
              args: {
                CALL [11] {
                  function: non_pure_custom_func
                  args: {
                    IDENT [12] {
                      name: @index1
                    }
                  }
                }
                CALL [13] {
                  function: non_pure_custom_func
                  args: {
                    SELECT [14] {
                      IDENT [15] {
                        name: @index0
                      }.single_int32
                    }
                  }
                }
              }
            }
            CALL [16] {
              function: non_pure_custom_func
              args: {
                IDENT [17] {
                  name: @index1
                }
              }
            }
          }
        }
        CALL [18] {
          function: non_pure_custom_func
          args: {
            SELECT [19] {
              IDENT [20] {
                name: msg
              }.single_int64
            }
          }
        }
      }
    }
  }
}
Test case: CUSTOM_FUNCTION_ELIMINABLE
Source: pure_custom_func(msg.oneof_type.payload.single_int64) + pure_custom_func(msg.oneof_type.payload.single_int32) + pure_custom_func(msg.oneof_type.payload.single_int64) + pure_custom_func(msg.single_int64)
=====>
CALL [1] {
  function: cel.@block
  args: {
    LIST [2] {
      elements: {
        SELECT [3] {
          SELECT [4] {
            IDENT [5] {
              name: msg
            }.oneof_type
          }.payload
        }
        CALL [6] {
          function: pure_custom_func
          args: {
            SELECT [7] {
              IDENT [8] {
                name: @index0
              }.single_int64
            }
          }
        }
        CALL [9] {
          function: pure_custom_func
          args: {
            SELECT [10] {
              IDENT [11] {
                name: @index0
              }.single_int32
            }
          }
        }
        CALL [12] {
          function: _+_
          args: {
            CALL [13] {
              function: _+_
              args: {
                IDENT [14] {
                  name: @index1
                }
                IDENT [15] {
                  name: @index2
                }
              }
            }
            IDENT [16] {
              name: @index1
            }
          }
        }
        CALL [17] {
          function: pure_custom_func
          args: {
            SELECT [18] {
              IDENT [19] {
                name: msg
              }.single_int64
            }
          }
        }
      }
    }
    CALL [20] {
      function: _+_
      args: {
        IDENT [21] {
          name: @index3
        }
        IDENT [22] {
          name: @index4
        }
      }
    }
  }
}
