Source: msg.single_any
declare msg {
  value google.api.expr.test.v1.proto3.TestAllTypes
}
=====>
bindings: {msg=single_any {
  type_url: "type.googleapis.com/google.api.expr.test.v1.proto3.TestAllTypes.NestedMessage"
  value: "\b*"
}
single_duration {
  seconds: 10
  nanos: 20
}
single_timestamp {
  seconds: 100
  nanos: 200
}
single_struct {
  fields {
    key: "b"
    value {
      string_value: "c"
    }
  }
}
single_value {
  string_value: "a"
}
single_int64_wrapper {
  value: -34
}
single_int32_wrapper {
  value: -12
}
single_double_wrapper {
  value: -3.0
}
single_float_wrapper {
  value: 1.5
}
single_uint64_wrapper {
  value: 34
}
single_uint32_wrapper {
  value: 12
}
single_string_wrapper {
  value: "hello"
}
single_bool_wrapper {
  value: true
}
single_bytes_wrapper {
  value: "hi"
}
list_value {
  values {
    string_value: "d"
  }
}
}
result:   bb: 42


Source: msg.single_bool_wrapper
declare msg {
  value google.api.expr.test.v1.proto3.TestAllTypes
}
=====>
bindings: {msg=single_any {
  type_url: "type.googleapis.com/google.api.expr.test.v1.proto3.TestAllTypes.NestedMessage"
  value: "\b*"
}
single_duration {
  seconds: 10
  nanos: 20
}
single_timestamp {
  seconds: 100
  nanos: 200
}
single_struct {
  fields {
    key: "b"
    value {
      string_value: "c"
    }
  }
}
single_value {
  string_value: "a"
}
single_int64_wrapper {
  value: -34
}
single_int32_wrapper {
  value: -12
}
single_double_wrapper {
  value: -3.0
}
single_float_wrapper {
  value: 1.5
}
single_uint64_wrapper {
  value: 34
}
single_uint32_wrapper {
  value: 12
}
single_string_wrapper {
  value: "hello"
}
single_bool_wrapper {
  value: true
}
single_bytes_wrapper {
  value: "hi"
}
list_value {
  values {
    string_value: "d"
  }
}
}
result:   true

Source: msg.single_bytes_wrapper
declare msg {
  value google.api.expr.test.v1.proto3.TestAllTypes
}
=====>
bindings: {msg=single_any {
  type_url: "type.googleapis.com/google.api.expr.test.v1.proto3.TestAllTypes.NestedMessage"
  value: "\b*"
}
single_duration {
  seconds: 10
  nanos: 20
}
single_timestamp {
  seconds: 100
  nanos: 200
}
single_struct {
  fields {
    key: "b"
    value {
      string_value: "c"
    }
  }
}
single_value {
  string_value: "a"
}
single_int64_wrapper {
  value: -34
}
single_int32_wrapper {
  value: -12
}
single_double_wrapper {
  value: -3.0
}
single_float_wrapper {
  value: 1.5
}
single_uint64_wrapper {
  value: 34
}
single_uint32_wrapper {
  value: 12
}
single_string_wrapper {
  value: "hello"
}
single_bool_wrapper {
  value: true
}
single_bytes_wrapper {
  value: "hi"
}
list_value {
  values {
    string_value: "d"
  }
}
}
result:   hi

Source: msg.single_double_wrapper
declare msg {
  value google.api.expr.test.v1.proto3.TestAllTypes
}
=====>
bindings: {msg=single_any {
  type_url: "type.googleapis.com/google.api.expr.test.v1.proto3.TestAllTypes.NestedMessage"
  value: "\b*"
}
single_duration {
  seconds: 10
  nanos: 20
}
single_timestamp {
  seconds: 100
  nanos: 200
}
single_struct {
  fields {
    key: "b"
    value {
      string_value: "c"
    }
  }
}
single_value {
  string_value: "a"
}
single_int64_wrapper {
  value: -34
}
single_int32_wrapper {
  value: -12
}
single_double_wrapper {
  value: -3.0
}
single_float_wrapper {
  value: 1.5
}
single_uint64_wrapper {
  value: 34
}
single_uint32_wrapper {
  value: 12
}
single_string_wrapper {
  value: "hello"
}
single_bool_wrapper {
  value: true
}
single_bytes_wrapper {
  value: "hi"
}
list_value {
  values {
    string_value: "d"
  }
}
}
result:   -3.0

Source: msg.single_float_wrapper
declare msg {
  value google.api.expr.test.v1.proto3.TestAllTypes
}
=====>
bindings: {msg=single_any {
  type_url: "type.googleapis.com/google.api.expr.test.v1.proto3.TestAllTypes.NestedMessage"
  value: "\b*"
}
single_duration {
  seconds: 10
  nanos: 20
}
single_timestamp {
  seconds: 100
  nanos: 200
}
single_struct {
  fields {
    key: "b"
    value {
      string_value: "c"
    }
  }
}
single_value {
  string_value: "a"
}
single_int64_wrapper {
  value: -34
}
single_int32_wrapper {
  value: -12
}
single_double_wrapper {
  value: -3.0
}
single_float_wrapper {
  value: 1.5
}
single_uint64_wrapper {
  value: 34
}
single_uint32_wrapper {
  value: 12
}
single_string_wrapper {
  value: "hello"
}
single_bool_wrapper {
  value: true
}
single_bytes_wrapper {
  value: "hi"
}
list_value {
  values {
    string_value: "d"
  }
}
}
result:   1.5

Source: msg.single_int32_wrapper
declare msg {
  value google.api.expr.test.v1.proto3.TestAllTypes
}
=====>
bindings: {msg=single_any {
  type_url: "type.googleapis.com/google.api.expr.test.v1.proto3.TestAllTypes.NestedMessage"
  value: "\b*"
}
single_duration {
  seconds: 10
  nanos: 20
}
single_timestamp {
  seconds: 100
  nanos: 200
}
single_struct {
  fields {
    key: "b"
    value {
      string_value: "c"
    }
  }
}
single_value {
  string_value: "a"
}
single_int64_wrapper {
  value: -34
}
single_int32_wrapper {
  value: -12
}
single_double_wrapper {
  value: -3.0
}
single_float_wrapper {
  value: 1.5
}
single_uint64_wrapper {
  value: 34
}
single_uint32_wrapper {
  value: 12
}
single_string_wrapper {
  value: "hello"
}
single_bool_wrapper {
  value: true
}
single_bytes_wrapper {
  value: "hi"
}
list_value {
  values {
    string_value: "d"
  }
}
}
result:   -12

Source: msg.single_int64_wrapper
declare msg {
  value google.api.expr.test.v1.proto3.TestAllTypes
}
=====>
bindings: {msg=single_any {
  type_url: "type.googleapis.com/google.api.expr.test.v1.proto3.TestAllTypes.NestedMessage"
  value: "\b*"
}
single_duration {
  seconds: 10
  nanos: 20
}
single_timestamp {
  seconds: 100
  nanos: 200
}
single_struct {
  fields {
    key: "b"
    value {
      string_value: "c"
    }
  }
}
single_value {
  string_value: "a"
}
single_int64_wrapper {
  value: -34
}
single_int32_wrapper {
  value: -12
}
single_double_wrapper {
  value: -3.0
}
single_float_wrapper {
  value: 1.5
}
single_uint64_wrapper {
  value: 34
}
single_uint32_wrapper {
  value: 12
}
single_string_wrapper {
  value: "hello"
}
single_bool_wrapper {
  value: true
}
single_bytes_wrapper {
  value: "hi"
}
list_value {
  values {
    string_value: "d"
  }
}
}
result:   -34

Source: msg.single_string_wrapper
declare msg {
  value google.api.expr.test.v1.proto3.TestAllTypes
}
=====>
bindings: {msg=single_any {
  type_url: "type.googleapis.com/google.api.expr.test.v1.proto3.TestAllTypes.NestedMessage"
  value: "\b*"
}
single_duration {
  seconds: 10
  nanos: 20
}
single_timestamp {
  seconds: 100
  nanos: 200
}
single_struct {
  fields {
    key: "b"
    value {
      string_value: "c"
    }
  }
}
single_value {
  string_value: "a"
}
single_int64_wrapper {
  value: -34
}
single_int32_wrapper {
  value: -12
}
single_double_wrapper {
  value: -3.0
}
single_float_wrapper {
  value: 1.5
}
single_uint64_wrapper {
  value: 34
}
single_uint32_wrapper {
  value: 12
}
single_string_wrapper {
  value: "hello"
}
single_bool_wrapper {
  value: true
}
single_bytes_wrapper {
  value: "hi"
}
list_value {
  values {
    string_value: "d"
  }
}
}
result:   hello

Source: msg.single_uint32_wrapper
declare msg {
  value google.api.expr.test.v1.proto3.TestAllTypes
}
=====>
bindings: {msg=single_any {
  type_url: "type.googleapis.com/google.api.expr.test.v1.proto3.TestAllTypes.NestedMessage"
  value: "\b*"
}
single_duration {
  seconds: 10
  nanos: 20
}
single_timestamp {
  seconds: 100
  nanos: 200
}
single_struct {
  fields {
    key: "b"
    value {
      string_value: "c"
    }
  }
}
single_value {
  string_value: "a"
}
single_int64_wrapper {
  value: -34
}
single_int32_wrapper {
  value: -12
}
single_double_wrapper {
  value: -3.0
}
single_float_wrapper {
  value: 1.5
}
single_uint64_wrapper {
  value: 34
}
single_uint32_wrapper {
  value: 12
}
single_string_wrapper {
  value: "hello"
}
single_bool_wrapper {
  value: true
}
single_bytes_wrapper {
  value: "hi"
}
list_value {
  values {
    string_value: "d"
  }
}
}
result:   12

Source: msg.single_uint64_wrapper
declare msg {
  value google.api.expr.test.v1.proto3.TestAllTypes
}
=====>
bindings: {msg=single_any {
  type_url: "type.googleapis.com/google.api.expr.test.v1.proto3.TestAllTypes.NestedMessage"
  value: "\b*"
}
single_duration {
  seconds: 10
  nanos: 20
}
single_timestamp {
  seconds: 100
  nanos: 200
}
single_struct {
  fields {
    key: "b"
    value {
      string_value: "c"
    }
  }
}
single_value {
  string_value: "a"
}
single_int64_wrapper {
  value: -34
}
single_int32_wrapper {
  value: -12
}
single_double_wrapper {
  value: -3.0
}
single_float_wrapper {
  value: 1.5
}
single_uint64_wrapper {
  value: 34
}
single_uint32_wrapper {
  value: 12
}
single_string_wrapper {
  value: "hello"
}
single_bool_wrapper {
  value: true
}
single_bytes_wrapper {
  value: "hi"
}
list_value {
  values {
    string_value: "d"
  }
}
}
result:   34

Source: msg.single_duration
declare msg {
  value google.api.expr.test.v1.proto3.TestAllTypes
}
=====>
bindings: {msg=single_any {
  type_url: "type.googleapis.com/google.api.expr.test.v1.proto3.TestAllTypes.NestedMessage"
  value: "\b*"
}
single_duration {
  seconds: 10
  nanos: 20
}
single_timestamp {
  seconds: 100
  nanos: 200
}
single_struct {
  fields {
    key: "b"
    value {
      string_value: "c"
    }
  }
}
single_value {
  string_value: "a"
}
single_int64_wrapper {
  value: -34
}
single_int32_wrapper {
  value: -12
}
single_double_wrapper {
  value: -3.0
}
single_float_wrapper {
  value: 1.5
}
single_uint64_wrapper {
  value: 34
}
single_uint32_wrapper {
  value: 12
}
single_string_wrapper {
  value: "hello"
}
single_bool_wrapper {
  value: true
}
single_bytes_wrapper {
  value: "hi"
}
list_value {
  values {
    string_value: "d"
  }
}
}
result:   seconds: 10
nanos: 20


Source: msg.single_timestamp
declare msg {
  value google.api.expr.test.v1.proto3.TestAllTypes
}
=====>
bindings: {msg=single_any {
  type_url: "type.googleapis.com/google.api.expr.test.v1.proto3.TestAllTypes.NestedMessage"
  value: "\b*"
}
single_duration {
  seconds: 10
  nanos: 20
}
single_timestamp {
  seconds: 100
  nanos: 200
}
single_struct {
  fields {
    key: "b"
    value {
      string_value: "c"
    }
  }
}
single_value {
  string_value: "a"
}
single_int64_wrapper {
  value: -34
}
single_int32_wrapper {
  value: -12
}
single_double_wrapper {
  value: -3.0
}
single_float_wrapper {
  value: 1.5
}
single_uint64_wrapper {
  value: 34
}
single_uint32_wrapper {
  value: 12
}
single_string_wrapper {
  value: "hello"
}
single_bool_wrapper {
  value: true
}
single_bytes_wrapper {
  value: "hi"
}
list_value {
  values {
    string_value: "d"
  }
}
}
result:   seconds: 100
nanos: 200


Source: msg.single_value
declare msg {
  value google.api.expr.test.v1.proto3.TestAllTypes
}
=====>
bindings: {msg=single_any {
  type_url: "type.googleapis.com/google.api.expr.test.v1.proto3.TestAllTypes.NestedMessage"
  value: "\b*"
}
single_duration {
  seconds: 10
  nanos: 20
}
single_timestamp {
  seconds: 100
  nanos: 200
}
single_struct {
  fields {
    key: "b"
    value {
      string_value: "c"
    }
  }
}
single_value {
  string_value: "a"
}
single_int64_wrapper {
  value: -34
}
single_int32_wrapper {
  value: -12
}
single_double_wrapper {
  value: -3.0
}
single_float_wrapper {
  value: 1.5
}
single_uint64_wrapper {
  value: 34
}
single_uint32_wrapper {
  value: 12
}
single_string_wrapper {
  value: "hello"
}
single_bool_wrapper {
  value: true
}
single_bytes_wrapper {
  value: "hi"
}
list_value {
  values {
    string_value: "d"
  }
}
}
result:   a

Source: msg.single_struct
declare msg {
  value google.api.expr.test.v1.proto3.TestAllTypes
}
=====>
bindings: {msg=single_any {
  type_url: "type.googleapis.com/google.api.expr.test.v1.proto3.TestAllTypes.NestedMessage"
  value: "\b*"
}
single_duration {
  seconds: 10
  nanos: 20
}
single_timestamp {
  seconds: 100
  nanos: 200
}
single_struct {
  fields {
    key: "b"
    value {
      string_value: "c"
    }
  }
}
single_value {
  string_value: "a"
}
single_int64_wrapper {
  value: -34
}
single_int32_wrapper {
  value: -12
}
single_double_wrapper {
  value: -3.0
}
single_float_wrapper {
  value: 1.5
}
single_uint64_wrapper {
  value: 34
}
single_uint32_wrapper {
  value: 12
}
single_string_wrapper {
  value: "hello"
}
single_bool_wrapper {
  value: true
}
single_bytes_wrapper {
  value: "hi"
}
list_value {
  values {
    string_value: "d"
  }
}
}
result:   {b=c}

Source: msg.list_value
declare msg {
  value google.api.expr.test.v1.proto3.TestAllTypes
}
=====>
bindings: {msg=single_any {
  type_url: "type.googleapis.com/google.api.expr.test.v1.proto3.TestAllTypes.NestedMessage"
  value: "\b*"
}
single_duration {
  seconds: 10
  nanos: 20
}
single_timestamp {
  seconds: 100
  nanos: 200
}
single_struct {
  fields {
    key: "b"
    value {
      string_value: "c"
    }
  }
}
single_value {
  string_value: "a"
}
single_int64_wrapper {
  value: -34
}
single_int32_wrapper {
  value: -12
}
single_double_wrapper {
  value: -3.0
}
single_float_wrapper {
  value: 1.5
}
single_uint64_wrapper {
  value: 34
}
single_uint32_wrapper {
  value: 12
}
single_string_wrapper {
  value: "hello"
}
single_bool_wrapper {
  value: true
}
single_bytes_wrapper {
  value: "hi"
}
list_value {
  values {
    string_value: "d"
  }
}
}
result:   [d]
