Source: x.single_nested_enum == TestAllTypes.NestedEnum.BAR
declare x {
  value google.api.expr.test.v1.proto3.TestAllTypes
}
=====>
bindings: {x=single_nested_enum: BAR
}
result:   true

Source: single_nested_enum == TestAllTypes.NestedEnum.BAR
declare x {
  value google.api.expr.test.v1.proto3.TestAllTypes
}
declare single_nested_enum {
  value int
}
=====>
bindings: {single_nested_enum=1}
result:   true

Source: TestAllTypes{single_nested_enum : TestAllTypes.NestedEnum.BAR}.single_nested_enum == 1
declare x {
  value google.api.expr.test.v1.proto3.TestAllTypes
}
declare single_nested_enum {
  value int
}
=====>
bindings: {}
result:   true
