Source: TestAllTypes{single_int64_wrapper: null}.single_int64_wrapper == null
=====>
bindings: {}
result:   true

Source: TestAllTypes{}.single_int64_wrapper == null
=====>
bindings: {}
result:   true

Source: has(TestAllTypes{single_int64_wrapper: null}.single_int64_wrapper)
=====>
bindings: {}
result:   false

Source: TestAllTypes{single_value: null}.single_value == null
=====>
bindings: {}
result:   true

Source: has(TestAllTypes{single_value: null}.single_value)
=====>
bindings: {}
result:   true

Source: TestAllTypes{single_timestamp: null}.single_timestamp == timestamp(0)
=====>
bindings: {}
result:   true

Source: has(TestAllTypes{single_timestamp: null}.single_timestamp)
=====>
bindings: {}
result:   false

