Source: timestamp("1972-01-01T10:00:20.021-05:00")
declare t1 {
  value google.protobuf.Timestamp
}
=====>
bindings: {}
result:   1972-01-01T15:00:20.021Z

Source: timestamp(123)
declare t1 {
  value google.protobuf.Timestamp
}
=====>
bindings: {}
result:   1970-01-01T00:02:03Z

Source: duration("15.11s")
declare t1 {
  value google.protobuf.Timestamp
}
=====>
bindings: {}
result:   PT15.11S

Source: int(t1) == 100
declare t1 {
  value google.protobuf.Timestamp
}
=====>
bindings: {t1=1970-01-01T00:01:40Z}
result:   true

Source: duration("1h2m3.4s")
declare t1 {
  value google.protobuf.Timestamp
}
=====>
bindings: {}
result:   PT1H2M3.4S

Source: duration(duration('15.0s'))
declare t1 {
  value google.protobuf.Timestamp
}
=====>
bindings: {}
result:   PT15S

Source: timestamp(timestamp(123))
declare t1 {
  value google.protobuf.Timestamp
}
=====>
bindings: {}
result:   1970-01-01T00:02:03Z