Source: t1 < t2
declare t1 {
  value google.protobuf.Timestamp
}
declare t2 {
  value google.protobuf.Timestamp
}
=====>
bindings: {t2=1970-01-01T00:00:10.000000009Z} +> {t1=1970-01-01T00:00:10.000000010Z}
result:   false

Source: t1 < t2
declare t1 {
  value google.protobuf.Timestamp
}
declare t2 {
  value google.protobuf.Timestamp
}
=====>
bindings: {t2=1970-01-01T00:00:09.000000010Z} +> {t1=1970-01-01T00:00:10.000000010Z}
result:   false

Source: t1 < t2
declare t1 {
  value google.protobuf.Timestamp
}
declare t2 {
  value google.protobuf.Timestamp
}
=====>
bindings: {t2=1970-01-01T00:00:10.000000010Z} +> {t1=1970-01-01T00:00:10.000000010Z}
result:   false

Source: t1 < t2
declare t1 {
  value google.protobuf.Timestamp
}
declare t2 {
  value google.protobuf.Timestamp
}
=====>
bindings: {t2=1970-01-01T00:00:10.000000010Z} +> {t1=1970-01-01T00:00:10.000000009Z}
result:   true

Source: t1 < t2
declare t1 {
  value google.protobuf.Timestamp
}
declare t2 {
  value google.protobuf.Timestamp
}
=====>
bindings: {t2=1970-01-01T00:00:10.000000010Z} +> {t1=1970-01-01T00:00:09.000000010Z}
result:   true

Source: t1 <= t2
declare t1 {
  value google.protobuf.Timestamp
}
declare t2 {
  value google.protobuf.Timestamp
}
=====>
bindings: {t2=1970-01-01T00:00:10.000000009Z} +> {t1=1970-01-01T00:00:10.000000010Z}
result:   false

Source: t1 <= t2
declare t1 {
  value google.protobuf.Timestamp
}
declare t2 {
  value google.protobuf.Timestamp
}
=====>
bindings: {t2=1970-01-01T00:00:09.000000010Z} +> {t1=1970-01-01T00:00:10.000000010Z}
result:   false

Source: t1 <= t2
declare t1 {
  value google.protobuf.Timestamp
}
declare t2 {
  value google.protobuf.Timestamp
}
=====>
bindings: {t2=1970-01-01T00:00:10.000000010Z} +> {t1=1970-01-01T00:00:10.000000010Z}
result:   true

Source: t1 <= t2
declare t1 {
  value google.protobuf.Timestamp
}
declare t2 {
  value google.protobuf.Timestamp
}
=====>
bindings: {t2=1970-01-01T00:00:10.000000010Z} +> {t1=1970-01-01T00:00:10.000000009Z}
result:   true

Source: t1 <= t2
declare t1 {
  value google.protobuf.Timestamp
}
declare t2 {
  value google.protobuf.Timestamp
}
=====>
bindings: {t2=1970-01-01T00:00:10.000000010Z} +> {t1=1970-01-01T00:00:09.000000010Z}
result:   true

Source: t1 > t2
declare t1 {
  value google.protobuf.Timestamp
}
declare t2 {
  value google.protobuf.Timestamp
}
=====>
bindings: {t2=1970-01-01T00:00:10.000000009Z} +> {t1=1970-01-01T00:00:10.000000010Z}
result:   true

Source: t1 > t2
declare t1 {
  value google.protobuf.Timestamp
}
declare t2 {
  value google.protobuf.Timestamp
}
=====>
bindings: {t2=1970-01-01T00:00:09.000000010Z} +> {t1=1970-01-01T00:00:10.000000010Z}
result:   true

Source: t1 > t2
declare t1 {
  value google.protobuf.Timestamp
}
declare t2 {
  value google.protobuf.Timestamp
}
=====>
bindings: {t2=1970-01-01T00:00:10.000000010Z} +> {t1=1970-01-01T00:00:10.000000010Z}
result:   false

Source: t1 > t2
declare t1 {
  value google.protobuf.Timestamp
}
declare t2 {
  value google.protobuf.Timestamp
}
=====>
bindings: {t2=1970-01-01T00:00:10.000000010Z} +> {t1=1970-01-01T00:00:10.000000009Z}
result:   false

Source: t1 > t2
declare t1 {
  value google.protobuf.Timestamp
}
declare t2 {
  value google.protobuf.Timestamp
}
=====>
bindings: {t2=1970-01-01T00:00:10.000000010Z} +> {t1=1970-01-01T00:00:09.000000010Z}
result:   false

Source: t1 >= t2
declare t1 {
  value google.protobuf.Timestamp
}
declare t2 {
  value google.protobuf.Timestamp
}
=====>
bindings: {t2=1970-01-01T00:00:10.000000009Z} +> {t1=1970-01-01T00:00:10.000000010Z}
result:   true

Source: t1 >= t2
declare t1 {
  value google.protobuf.Timestamp
}
declare t2 {
  value google.protobuf.Timestamp
}
=====>
bindings: {t2=1970-01-01T00:00:09.000000010Z} +> {t1=1970-01-01T00:00:10.000000010Z}
result:   true

Source: t1 >= t2
declare t1 {
  value google.protobuf.Timestamp
}
declare t2 {
  value google.protobuf.Timestamp
}
=====>
bindings: {t2=1970-01-01T00:00:10.000000010Z} +> {t1=1970-01-01T00:00:10.000000010Z}
result:   true

Source: t1 >= t2
declare t1 {
  value google.protobuf.Timestamp
}
declare t2 {
  value google.protobuf.Timestamp
}
=====>
bindings: {t2=1970-01-01T00:00:10.000000010Z} +> {t1=1970-01-01T00:00:10.000000009Z}
result:   false

Source: t1 >= t2
declare t1 {
  value google.protobuf.Timestamp
}
declare t2 {
  value google.protobuf.Timestamp
}
=====>
bindings: {t2=1970-01-01T00:00:10.000000010Z} +> {t1=1970-01-01T00:00:09.000000010Z}
result:   false