Source: x.single_int32
declare x {
  value cel.expr.conformance.proto3.TestAllTypes
}
=====>
bindings: {}
result:   CelUnknownSet{attributes=[], unknownExprIds=[1]}

Source: x.map_int32_int64[22]
declare x {
  value cel.expr.conformance.proto3.TestAllTypes
}
=====>
bindings: {}
result:   CelUnknownSet{attributes=[], unknownExprIds=[1]}

Source: x.repeated_nested_message[1]
declare x {
  value cel.expr.conformance.proto3.TestAllTypes
}
=====>
bindings: {}
result:   CelUnknownSet{attributes=[], unknownExprIds=[1]}

Source: x.single_timestamp.getSeconds()
declare x {
  value cel.expr.conformance.proto3.TestAllTypes
}
=====>
bindings: {}
result:   CelUnknownSet{attributes=[], unknownExprIds=[1]}

Source: x.single_nested_message.bb
declare x {
  value cel.expr.conformance.proto3.TestAllTypes
}
=====>
bindings: {}
result:   CelUnknownSet{attributes=[], unknownExprIds=[1]}

Source: {1: x.single_int32}
declare x {
  value cel.expr.conformance.proto3.TestAllTypes
}
=====>
bindings: {}
result:   CelUnknownSet{attributes=[], unknownExprIds=[4]}

Source: [1, x.single_int32]
declare x {
  value cel.expr.conformance.proto3.TestAllTypes
}
=====>
bindings: {}
result:   CelUnknownSet{attributes=[], unknownExprIds=[3]}
