Source: x.single_bool_wrapper == true && x.single_bytes_wrapper == b'hi' && x.single_double_wrapper == -3.0 && x.single_float_wrapper == 1.5 && x.single_int32_wrapper == -12 && x.single_int64_wrapper == -34 && x.single_string_wrapper == 'hello' && x.single_uint32_wrapper == 12u && x.single_uint64_wrapper == 34u
declare x {
  value cel.expr.conformance.proto3.TestAllTypes
}
=====>
bindings: {x=single_int64_wrapper {
  value: -34
}
single_int32_wrapper {
  value: -12
}
single_double_wrapper {
  value: -3.0
}
single_float_wrapper {
  value: 1.5
}
single_uint64_wrapper {
  value: 34
}
single_uint32_wrapper {
  value: 12
}
single_string_wrapper {
  value: "hello"
}
single_bool_wrapper {
  value: true
}
single_bytes_wrapper {
  value: "hi"
}
}
result:   true

Source: x.single_bool_wrapper == google.protobuf.BoolValue{} && x.single_bytes_wrapper == google.protobuf.BytesValue{value: b'hi'} && x.single_double_wrapper == google.protobuf.DoubleValue{value: -3.0} && x.single_float_wrapper == google.protobuf.FloatValue{value: 1.5} && x.single_int32_wrapper == google.protobuf.Int32Value{value: -12} && x.single_int64_wrapper == google.protobuf.Int64Value{value: -34} && x.single_string_wrapper == google.protobuf.StringValue{} && x.single_uint32_wrapper == google.protobuf.UInt32Value{value: 12u} && x.single_uint64_wrapper == google.protobuf.UInt64Value{value: 34u}
declare x {
  value cel.expr.conformance.proto3.TestAllTypes
}
=====>
bindings: {x=single_int64_wrapper {
  value: -34
}
single_int32_wrapper {
  value: -12
}
single_double_wrapper {
  value: -3.0
}
single_float_wrapper {
  value: 1.5
}
single_uint64_wrapper {
  value: 34
}
single_uint32_wrapper {
  value: 12
}
single_string_wrapper {
}
single_bool_wrapper {
}
single_bytes_wrapper {
  value: "hi"
}
}
result:   true

Source: x.repeated_int32_wrapper == [1,2] && x.repeated_int64_wrapper == [3] && x.repeated_float_wrapper == [1.5, 2.5] && x.repeated_double_wrapper == [3.5, 4.5] && x.repeated_string_wrapper == ['foo', 'bar'] && x.repeated_bool_wrapper == [true] && x.repeated_uint32_wrapper == [1u, 2u] && x.repeated_uint64_wrapper == []
declare x {
  value cel.expr.conformance.proto3.TestAllTypes
}
=====>
bindings: {x=single_int64_wrapper {
  value: -34
}
single_int32_wrapper {
  value: -12
}
single_double_wrapper {
  value: -3.0
}
single_float_wrapper {
  value: 1.5
}
single_uint64_wrapper {
  value: 34
}
single_uint32_wrapper {
  value: 12
}
single_string_wrapper {
}
single_bool_wrapper {
}
single_bytes_wrapper {
  value: "hi"
}
repeated_int64_wrapper {
  value: 3
}
repeated_int32_wrapper {
  value: 1
}
repeated_int32_wrapper {
  value: 2
}
repeated_double_wrapper {
  value: 3.5
}
repeated_double_wrapper {
  value: 4.5
}
repeated_float_wrapper {
  value: 1.5
}
repeated_float_wrapper {
  value: 2.5
}
repeated_uint32_wrapper {
  value: 1
}
repeated_uint32_wrapper {
  value: 2
}
repeated_string_wrapper {
  value: "foo"
}
repeated_string_wrapper {
  value: "bar"
}
repeated_bool_wrapper {
  value: true
}
}
result:   true

Source: x.single_bool_wrapper == null && x.single_bytes_wrapper == null && x.single_double_wrapper == null && x.single_float_wrapper == null && x.single_int32_wrapper == null && x.single_int64_wrapper == null && x.single_string_wrapper == null && x.single_uint32_wrapper == null && x.single_uint64_wrapper == null
declare x {
  value cel.expr.conformance.proto3.TestAllTypes
}
=====>
bindings: {x=}
result:   true

Source: dyn_var
declare x {
  value cel.expr.conformance.proto3.TestAllTypes
}
declare dyn_var {
  value dyn
}
=====>
bindings: {dyn_var=NULL_VALUE}
result:   NULL_VALUE

Source: google.protobuf.Timestamp{ seconds: 253402300800 }
=====>
bindings: {}
result:   +10000-01-01T00:00:00Z
